Host NAME    HOSTNAME                   AGENT   LABELS
sentry  sentry.tailrocks.internal  0.1.98  pool

Instance NAME         HOST    VERSION  UPTIME  SLOTS  BUSY
sentry/main  sentry  0.1.98   1h02m   4      2

Slot NAME      HOST    INDEX  CLASS   PHASE                 JOB
sentry-0  sentry  0      stable  waiting-for-capacity  -

RunnerRegistration NAME                  LABELS  EPHEMERAL  ONLINE
velnor-sentry-slot-0  pool    false      true

Job NAME    REPO                              RUN              WORKFLOW           QUEUED  DURATION  CONCLUSION
job-42  tailrocks/velnor-actions-fixture  run-32714994603  control-plane.yml  4.2s    1m36s     success

Run NAME             REPO                              NUMBER  BRANCH  EVENT              STATUS     CONCLUSION
run-32714994603  tailrocks/velnor-actions-fixture  84      main    workflow_dispatch  completed  success

QueueEntry NAME          POSITION  JOB     WAIT
queue/job-43  0         job-43  -

Event NAME          SEQ  OCCURRED              EVENT               SUBJECT
event-000123  123  2026-08-24T12:30:45Z  slot.phase-changed  slot/sentry-0

Reservation NAME                SLOT           PURPOSE      EXPIRES
reservation-job-42  slot/sentry-1  job-acquire  2026-08-24T12:30:45Z

Lease NAME                HOLDER                TTL  EXPIRES
lease/target-store  instance/sentry/main  30s  2026-08-24T12:30:45Z

Capability NAME                         KEY               SUPPORTED
capability/actions.checkout  actions.checkout  true

Adapter NAME                      ADAPTER           VERSION  ACTIONS
adapter/actions-checkout  actions/checkout  v6.0.2   actions/checkout@v6
