2026-08-24T09:31:57.9626673Z Current runner version: '2.336.0'
2026-08-24T09:31:57.9654680Z ##[group]Runner Image Provisioner
2026-08-24T09:31:57.9655729Z Hosted Compute Agent
2026-08-24T09:31:57.9656504Z Version: 20260729.566
2026-08-24T09:31:57.9657288Z Commit: cf7153fe6e25b664e8693c24944bf2b00355d109
2026-08-24T09:31:57.9658375Z Build Date: 2026-07-29T19:17:02Z
2026-08-24T09:31:57.9659268Z Worker ID: {3b9a9f3a-da6a-4d47-8638-0698c1685c56}
2026-08-24T09:31:57.9660160Z Azure Region: eastus
2026-08-24T09:31:57.9660931Z ##[endgroup]
2026-08-24T09:31:57.9662484Z ##[group]Operating System
2026-08-24T09:31:57.9663231Z Ubuntu
2026-08-24T09:31:57.9663944Z 26.04
2026-08-24T09:31:57.9664609Z LTS
2026-08-24T09:31:57.9665194Z ##[endgroup]
2026-08-24T09:31:57.9665943Z ##[group]Runner Image
2026-08-24T09:31:57.9666715Z Image: ubuntu-26.04
2026-08-24T09:31:57.9667463Z Version: 20260817.108.1
2026-08-24T09:31:57.9669320Z Included Software: https://github.com/actions/runner-images/blob/ubuntu26/20260817.108/images/ubuntu/Ubuntu2604-Readme.md
2026-08-24T09:31:57.9671447Z Image Release: https://github.com/actions/runner-images/releases/tag/ubuntu26%2F20260817.108
2026-08-24T09:31:57.9672701Z ##[endgroup]
2026-08-24T09:31:57.9674323Z ##[group]GITHUB_TOKEN Permissions
2026-08-24T09:31:57.9676665Z Actions: write
2026-08-24T09:31:57.9677509Z Contents: read
2026-08-24T09:31:57.9678353Z Metadata: read
2026-08-24T09:31:57.9678986Z ##[endgroup]
2026-08-24T09:31:57.9681711Z Secret source: Actions
2026-08-24T09:31:57.9683226Z Prepare workflow directory
2026-08-24T09:31:58.0275565Z Prepare all required actions
2026-08-24T09:31:58.0344528Z Complete job name: queue-guard
2026-08-24T09:31:58.0864317Z ##[group]Run set -euo pipefail
2026-08-24T09:31:58.0864956Z set -euo pipefail
2026-08-24T09:31:58.0865760Z echo "::notice::CP_MARKER scenario=queue phase=guard-start bound_seconds=210"
2026-08-24T09:31:58.0866494Z echo "CP_SCENARIO=queue"
2026-08-24T09:31:58.0867174Z echo "CP_PHASE=guard-start"
2026-08-24T09:31:58.0867770Z deadline=$(( $(date +%s) + 210 ))
2026-08-24T09:31:58.0868662Z while [[ "$(date +%s)" -lt "${deadline}" ]]; do
2026-08-24T09:31:58.0869804Z   status="$(gh api "repos/${GITHUB_REPOSITORY}/actions/runs/${GITHUB_RUN_ID}/jobs" --jq '[.jobs[] | select(.name == "scenario-queue")][0].status // "absent"')"
2026-08-24T09:31:58.0870965Z   echo "::notice::CP_MARKER scenario=queue phase=guard-poll status=${status}"
2026-08-24T09:31:58.0871752Z   echo "CP_QUEUE_STATUS=${status}"
2026-08-24T09:31:58.0872315Z   case "${status}" in
2026-08-24T09:31:58.0872957Z     queued|absent|pending)
2026-08-24T09:31:58.0873480Z       sleep 15
2026-08-24T09:31:58.0873965Z       ;;
2026-08-24T09:31:58.0874470Z     *)
2026-08-24T09:31:58.0875127Z       echo "::notice::CP_MARKER scenario=queue phase=guard-dequeued status=${status}"
2026-08-24T09:31:58.0875920Z       echo "CP_PHASE=guard-dequeued"
2026-08-24T09:31:58.0876493Z       exit 0
2026-08-24T09:31:58.0876975Z       ;;
2026-08-24T09:31:58.0877445Z   esac
2026-08-24T09:31:58.0878000Z done
2026-08-24T09:31:58.0878940Z echo "::error::CP_MARKER scenario=queue phase=mismatch reason=queue-still-queued prerequisite=one-dedicated-velnor-cp-queue-validation-runner"
2026-08-24T09:31:58.0880105Z echo "CP_MISMATCH reason=queue-still-queued"
2026-08-24T09:31:58.0881005Z gh api -X POST "repos/${GITHUB_REPOSITORY}/actions/runs/${GITHUB_RUN_ID}/cancel" >/dev/null || true
2026-08-24T09:31:58.0881842Z exit 1
2026-08-24T09:31:58.1285119Z shell: /usr/bin/bash --noprofile --norc -e -o pipefail {0}
2026-08-24T09:31:58.1286051Z env:
2026-08-24T09:31:58.1289655Z   GH_TOKEN: ***
2026-08-24T09:31:58.1290222Z ##[endgroup]
2026-08-24T09:31:58.1469566Z ##[notice]CP_MARKER scenario=queue phase=guard-start bound_seconds=210
2026-08-24T09:31:58.1475670Z CP_SCENARIO=queue
2026-08-24T09:31:58.1476246Z CP_PHASE=guard-start
2026-08-24T09:32:00.4024724Z ##[notice]CP_MARKER scenario=queue phase=guard-poll status=absent
2026-08-24T09:32:00.4028104Z CP_QUEUE_STATUS=absent
2026-08-24T09:32:15.7757473Z ##[notice]CP_MARKER scenario=queue phase=guard-poll status=absent
2026-08-24T09:32:15.7759576Z CP_QUEUE_STATUS=absent
2026-08-24T09:32:31.1224801Z ##[notice]CP_MARKER scenario=queue phase=guard-poll status=absent
2026-08-24T09:32:31.1226213Z CP_QUEUE_STATUS=absent
2026-08-24T09:32:46.4510518Z ##[notice]CP_MARKER scenario=queue phase=guard-poll status=absent
2026-08-24T09:32:46.4511984Z CP_QUEUE_STATUS=absent
2026-08-24T09:33:01.8364757Z ##[notice]CP_MARKER scenario=queue phase=guard-poll status=absent
2026-08-24T09:33:01.8366278Z CP_QUEUE_STATUS=absent
2026-08-24T09:33:17.1836186Z ##[notice]CP_MARKER scenario=queue phase=guard-poll status=absent
2026-08-24T09:33:17.1837361Z CP_QUEUE_STATUS=absent
2026-08-24T09:33:32.5102472Z ##[notice]CP_MARKER scenario=queue phase=guard-poll status=absent
2026-08-24T09:33:32.5103638Z CP_QUEUE_STATUS=absent
2026-08-24T09:33:47.8128523Z ##[notice]CP_MARKER scenario=queue phase=guard-poll status=absent
2026-08-24T09:33:47.8130116Z CP_QUEUE_STATUS=absent
2026-08-24T09:34:03.1508371Z ##[notice]CP_MARKER scenario=queue phase=guard-poll status=absent
2026-08-24T09:34:03.1509995Z CP_QUEUE_STATUS=absent
2026-08-24T09:34:18.4541017Z ##[notice]CP_MARKER scenario=queue phase=guard-poll status=absent
2026-08-24T09:34:18.4542669Z CP_QUEUE_STATUS=absent
2026-08-24T09:34:33.7809055Z ##[notice]CP_MARKER scenario=queue phase=guard-poll status=absent
2026-08-24T09:34:33.7810483Z CP_QUEUE_STATUS=absent
2026-08-24T09:34:49.1297994Z ##[notice]CP_MARKER scenario=queue phase=guard-poll status=absent
2026-08-24T09:34:49.1299303Z CP_QUEUE_STATUS=absent
2026-08-24T09:35:04.4289344Z ##[notice]CP_MARKER scenario=queue phase=guard-poll status=absent
2026-08-24T09:35:04.4290369Z CP_QUEUE_STATUS=absent
2026-08-24T09:35:19.7266448Z ##[notice]CP_MARKER scenario=queue phase=guard-poll status=absent
2026-08-24T09:35:19.7267723Z CP_QUEUE_STATUS=absent
2026-08-24T09:35:34.7346810Z ##[error]CP_MARKER scenario=queue phase=mismatch reason=queue-still-queued prerequisite=one-dedicated-velnor-cp-queue-validation-runner
2026-08-24T09:35:34.7349226Z CP_MISMATCH reason=queue-still-queued
2026-08-24T09:35:34.9890369Z ##[error]Process completed with exit code 1.
2026-08-24T09:35:35.0024503Z Cleaning up orphan processes
