2026-08-24T07:07:26.8797000Z Current runner version: '2.336.0'
2026-08-24T07:07:26.8823394Z ##[group]Runner Image Provisioner
2026-08-24T07:07:26.8824258Z Hosted Compute Agent
2026-08-24T07:07:26.8825342Z Version: 20260729.566
2026-08-24T07:07:26.8826013Z Commit: cf7153fe6e25b664e8693c24944bf2b00355d109
2026-08-24T07:07:26.8826790Z Build Date: 2026-07-29T19:17:02Z
2026-08-24T07:07:26.8827520Z Worker ID: {560c4c2a-8f77-48be-8938-f5b0506a308a}
2026-08-24T07:07:26.8828225Z Azure Region: eastus
2026-08-24T07:07:26.8828901Z ##[endgroup]
2026-08-24T07:07:26.8830701Z ##[group]Operating System
2026-08-24T07:07:26.8831648Z Ubuntu
2026-08-24T07:07:26.8832238Z 26.04
2026-08-24T07:07:26.8832835Z LTS
2026-08-24T07:07:26.8833363Z ##[endgroup]
2026-08-24T07:07:26.8833908Z ##[group]Runner Image
2026-08-24T07:07:26.8834533Z Image: ubuntu-26.04
2026-08-24T07:07:26.8835134Z Version: 20260817.108.1
2026-08-24T07:07:26.8836444Z Included Software: https://github.com/actions/runner-images/blob/ubuntu26/20260817.108/images/ubuntu/Ubuntu2604-Readme.md
2026-08-24T07:07:26.8838002Z Image Release: https://github.com/actions/runner-images/releases/tag/ubuntu26%2F20260817.108
2026-08-24T07:07:26.8839052Z ##[endgroup]
2026-08-24T07:07:26.8840409Z ##[group]GITHUB_TOKEN Permissions
2026-08-24T07:07:26.8842770Z Actions: read
2026-08-24T07:07:26.8843389Z Contents: read
2026-08-24T07:07:26.8844034Z Metadata: read
2026-08-24T07:07:26.8844643Z ##[endgroup]
2026-08-24T07:07:26.8846857Z Secret source: Actions
2026-08-24T07:07:26.8847979Z Prepare workflow directory
2026-08-24T07:07:26.9260897Z Prepare all required actions
2026-08-24T07:07:26.9309141Z Getting action download info
2026-08-24T07:07:27.0947005Z Download action repository 'actions/checkout@3d3c42e5aac5ba805825da76410c181273ba90b1' (SHA:3d3c42e5aac5ba805825da76410c181273ba90b1)
2026-08-24T07:07:27.1823918Z Download action repository 'mozilla-actions/sccache-action@fc920bf0ec8de6ee65d409111f7ec508035751ba' (SHA:fc920bf0ec8de6ee65d409111f7ec508035751ba)
2026-08-24T07:07:27.2874201Z Download action repository 'rui314/setup-mold@9c9c13bf4c3f1adef0cc596abc155580bcb04444' (SHA:9c9c13bf4c3f1adef0cc596abc155580bcb04444)
2026-08-24T07:07:27.3802915Z Download action repository 'jdx/mise-action@3c2e0cf82a5b2e5249f0d3635a4d83d0ae861518' (SHA:3c2e0cf82a5b2e5249f0d3635a4d83d0ae861518)
2026-08-24T07:07:27.5535691Z Download action repository 'actions/cache@55cc8345863c7cc4c66a329aec7e433d2d1c52a9' (SHA:55cc8345863c7cc4c66a329aec7e433d2d1c52a9)
2026-08-24T07:07:27.7008008Z Download action repository 'actions/upload-artifact@043fb46d1a93c77aae656e7c1c64a875d1fc6a0a' (SHA:043fb46d1a93c77aae656e7c1c64a875d1fc6a0a)
2026-08-24T07:07:27.9608621Z Complete job name: compat (app-a, GitHub, ubuntu-26.04, false)
2026-08-24T07:07:28.0575797Z ##[group]Run actions/checkout@3d3c42e5aac5ba805825da76410c181273ba90b1
2026-08-24T07:07:28.0577209Z with:
2026-08-24T07:07:28.0577796Z   repository: tailrocks/velnor-actions-fixture
2026-08-24T07:07:28.0585972Z   token: ***
2026-08-24T07:07:28.0586488Z   ssh-strict: true
2026-08-24T07:07:28.0587001Z   ssh-user: git
2026-08-24T07:07:28.0587575Z   persist-credentials: true
2026-08-24T07:07:28.0588181Z   clean: true
2026-08-24T07:07:28.0588718Z   sparse-checkout-cone-mode: true
2026-08-24T07:07:28.0589379Z   fetch-depth: 1
2026-08-24T07:07:28.0589889Z   fetch-tags: false
2026-08-24T07:07:28.0590420Z   show-progress: true
2026-08-24T07:07:28.0590958Z   lfs: false
2026-08-24T07:07:28.0591587Z   submodules: false
2026-08-24T07:07:28.0592143Z   set-safe-directory: true
2026-08-24T07:07:28.0592789Z   allow-unsafe-pr-checkout: false
2026-08-24T07:07:28.0593724Z env:
2026-08-24T07:07:28.0594199Z   SCCACHE_GHA_ENABLED: false
2026-08-24T07:07:28.0594842Z   SCCACHE_CACHE_SIZE: 20G
2026-08-24T07:07:28.0595476Z   RUSTC_WRAPPER: sccache
2026-08-24T07:07:28.0596048Z ##[endgroup]
2026-08-24T07:07:28.1625570Z Syncing repository: tailrocks/velnor-actions-fixture
2026-08-24T07:07:28.1629237Z ##[group]Getting Git version info
2026-08-24T07:07:28.1631697Z Working directory is '/home/runner/work/velnor-actions-fixture/velnor-actions-fixture'
2026-08-24T07:07:28.1635209Z [command]/usr/bin/git version
2026-08-24T07:07:28.1636314Z git version 2.53.0
2026-08-24T07:07:28.1655407Z ##[endgroup]
2026-08-24T07:07:28.1674778Z Temporarily overriding HOME='/home/runner/work/_temp/3a56882a-1b5c-494a-a44c-ddb5be3a892d' before making global git config changes
2026-08-24T07:07:28.1678979Z Adding repository directory to the temporary git global config as a safe directory
2026-08-24T07:07:28.1683455Z [command]/usr/bin/git config --global --add safe.directory /home/runner/work/velnor-actions-fixture/velnor-actions-fixture
2026-08-24T07:07:28.1739688Z Deleting the contents of '/home/runner/work/velnor-actions-fixture/velnor-actions-fixture'
2026-08-24T07:07:28.1743490Z ##[group]Determining repository object format
2026-08-24T07:07:28.1745956Z ##[endgroup]
2026-08-24T07:07:28.1747759Z ##[group]Initializing the repository
2026-08-24T07:07:28.1750131Z [command]/usr/bin/git init /home/runner/work/velnor-actions-fixture/velnor-actions-fixture
2026-08-24T07:07:28.1862497Z hint: Using 'master' as the name for the initial branch. This default branch name
2026-08-24T07:07:28.1865353Z hint: will change to "main" in Git 3.0. To configure the initial branch name
2026-08-24T07:07:28.1867805Z hint: to use in all of your new repositories, which will suppress this warning,
2026-08-24T07:07:28.1869827Z hint: call:
2026-08-24T07:07:28.1870900Z hint:
2026-08-24T07:07:28.1872329Z hint: 	git config --global init.defaultBranch <name>
2026-08-24T07:07:28.1873852Z hint:
2026-08-24T07:07:28.1875217Z hint: Names commonly chosen instead of 'master' are 'main', 'trunk' and
2026-08-24T07:07:28.1877793Z hint: 'development'. The just-created branch can be renamed via this command:
2026-08-24T07:07:28.1879701Z hint:
2026-08-24T07:07:28.1880573Z hint: 	git branch -m <name>
2026-08-24T07:07:28.1882296Z hint:
2026-08-24T07:07:28.1883712Z hint: Disable this message with "git config set advice.defaultBranchName false"
2026-08-24T07:07:28.1885637Z Initialized empty Git repository in /home/runner/work/velnor-actions-fixture/velnor-actions-fixture/.git/
2026-08-24T07:07:28.1888560Z [command]/usr/bin/git remote add origin https://github.com/tailrocks/velnor-actions-fixture
2026-08-24T07:07:28.1940622Z ##[endgroup]
2026-08-24T07:07:28.1942649Z ##[group]Disabling automatic garbage collection
2026-08-24T07:07:28.1945438Z [command]/usr/bin/git config --local gc.auto 0
2026-08-24T07:07:28.1989742Z ##[endgroup]
2026-08-24T07:07:28.1991775Z ##[group]Setting up auth
2026-08-24T07:07:28.1992875Z Removing SSH command configuration
2026-08-24T07:07:28.1998250Z [command]/usr/bin/git config --local --name-only --get-regexp core\.sshCommand
2026-08-24T07:07:28.2027764Z [command]/usr/bin/git submodule foreach --recursive sh -c "git config --local --name-only --get-regexp 'core\.sshCommand' && git config --local --unset-all 'core.sshCommand' || :"
2026-08-24T07:07:28.2436460Z Removing HTTP extra header
2026-08-24T07:07:28.2442233Z [command]/usr/bin/git config --local --name-only --get-regexp http\.https\:\/\/github\.com\/\.extraheader
2026-08-24T07:07:28.2482972Z [command]/usr/bin/git submodule foreach --recursive sh -c "git config --local --name-only --get-regexp 'http\.https\:\/\/github\.com\/\.extraheader' && git config --local --unset-all 'http.https://github.com/.extraheader' || :"
2026-08-24T07:07:28.2754804Z Removing includeIf entries pointing to credentials config files
2026-08-24T07:07:28.2759588Z [command]/usr/bin/git config --local --name-only --get-regexp ^includeIf\.gitdir:
2026-08-24T07:07:28.2797027Z [command]/usr/bin/git submodule foreach --recursive git config --local --show-origin --name-only --get-regexp remote.origin.url
2026-08-24T07:07:28.3072546Z [command]/usr/bin/git config --file /home/runner/work/_temp/git-credentials-3cb67d87-42e3-4eb0-8ba2-bb77e63cee73.config http.https://github.com/.extraheader AUTHORIZATION: basic ***
2026-08-24T07:07:28.3115317Z [command]/usr/bin/git config --local includeIf.gitdir:/home/runner/work/velnor-actions-fixture/velnor-actions-fixture/.git.path /home/runner/work/_temp/git-credentials-3cb67d87-42e3-4eb0-8ba2-bb77e63cee73.config
2026-08-24T07:07:28.3149112Z [command]/usr/bin/git config --local includeIf.gitdir:/home/runner/work/velnor-actions-fixture/velnor-actions-fixture/.git/worktrees/*.path /home/runner/work/_temp/git-credentials-3cb67d87-42e3-4eb0-8ba2-bb77e63cee73.config
2026-08-24T07:07:28.3184575Z [command]/usr/bin/git config --local includeIf.gitdir:/github/workspace/.git.path /github/runner_temp/git-credentials-3cb67d87-42e3-4eb0-8ba2-bb77e63cee73.config
2026-08-24T07:07:28.3218723Z [command]/usr/bin/git config --local includeIf.gitdir:/github/workspace/.git/worktrees/*.path /github/runner_temp/git-credentials-3cb67d87-42e3-4eb0-8ba2-bb77e63cee73.config
2026-08-24T07:07:28.3247740Z ##[endgroup]
2026-08-24T07:07:28.3249402Z ##[group]Fetching the repository
2026-08-24T07:07:28.3258218Z [command]/usr/bin/git -c protocol.version=2 fetch --no-tags --prune --no-recurse-submodules --depth=1 origin +46f71d3f81a731b2c4fb7b2bb0e90f73a6f062d3:refs/remotes/origin/plan-063-fixture-control-plane
2026-08-24T07:07:28.7301104Z From https://github.com/tailrocks/velnor-actions-fixture
2026-08-24T07:07:28.7305235Z  * [new ref]         46f71d3f81a731b2c4fb7b2bb0e90f73a6f062d3 -> origin/plan-063-fixture-control-plane
2026-08-24T07:07:28.7350532Z [command]/usr/bin/git branch --list --remote origin/plan-063-fixture-control-plane
2026-08-24T07:07:28.7432147Z   origin/plan-063-fixture-control-plane
2026-08-24T07:07:28.7440992Z [command]/usr/bin/git rev-parse refs/remotes/origin/plan-063-fixture-control-plane
2026-08-24T07:07:28.7466476Z 46f71d3f81a731b2c4fb7b2bb0e90f73a6f062d3
2026-08-24T07:07:28.7471911Z ##[endgroup]
2026-08-24T07:07:28.7473395Z ##[group]Determining the checkout info
2026-08-24T07:07:28.7474831Z ##[endgroup]
2026-08-24T07:07:28.7476148Z [command]/usr/bin/git sparse-checkout disable
2026-08-24T07:07:28.7525478Z [command]/usr/bin/git config --local --unset-all extensions.worktreeConfig
2026-08-24T07:07:28.7557322Z ##[group]Checking out the ref
2026-08-24T07:07:28.7562652Z [command]/usr/bin/git checkout --progress --force -B plan-063-fixture-control-plane refs/remotes/origin/plan-063-fixture-control-plane
2026-08-24T07:07:28.7654911Z Switched to a new branch 'plan-063-fixture-control-plane'
2026-08-24T07:07:28.7658530Z branch 'plan-063-fixture-control-plane' set up to track 'origin/plan-063-fixture-control-plane'.
2026-08-24T07:07:28.7665549Z ##[endgroup]
2026-08-24T07:07:28.7708147Z [command]/usr/bin/git log -1 --format=%H
2026-08-24T07:07:28.7735511Z 46f71d3f81a731b2c4fb7b2bb0e90f73a6f062d3
2026-08-24T07:07:28.8082428Z ##[group]Run mozilla-actions/sccache-action@fc920bf0ec8de6ee65d409111f7ec508035751ba
2026-08-24T07:07:28.8084072Z with:
2026-08-24T07:07:28.8084906Z   version: v0.16.0
2026-08-24T07:07:28.8085838Z   disable_annotations: false
2026-08-24T07:07:28.8093839Z   token: ***
2026-08-24T07:07:28.8094700Z env:
2026-08-24T07:07:28.8095541Z   SCCACHE_GHA_ENABLED: false
2026-08-24T07:07:28.8096552Z   SCCACHE_CACHE_SIZE: 20G
2026-08-24T07:07:28.8097525Z   RUSTC_WRAPPER: sccache
2026-08-24T07:07:28.8098535Z ##[endgroup]
2026-08-24T07:07:28.9060467Z try to setup sccache version: v0.16.0
2026-08-24T07:07:28.9079290Z sccache download from url: https://github.com/mozilla/sccache/releases/download/v0.16.0/sccache-v0.16.0-x86_64-unknown-linux-musl.tar.gz
2026-08-24T07:07:29.1506561Z Correct checksum: aec995a83ad3dff3d14b6314e08858b7b73d35ca85a5bcf3d3a9ec07dee35588
2026-08-24T07:07:29.1621822Z [command]/usr/bin/tar xz --warning=no-unknown-keyword --overwrite -C /home/runner/work/_temp/4c3c9a95-ec96-4e89-b080-93f6d7b81ed8 -f /home/runner/work/_temp/35ae3033-a8b1-4a35-8dee-202446914d85
2026-08-24T07:07:29.2803977Z sccache extracted to: /home/runner/work/_temp/4c3c9a95-ec96-4e89-b080-93f6d7b81ed8
2026-08-24T07:07:29.2940826Z sccache cached to: /opt/hostedtoolcache/sccache/0.16.0/x64
2026-08-24T07:07:29.3180192Z ##[group]Run rui314/setup-mold@9c9c13bf4c3f1adef0cc596abc155580bcb04444
2026-08-24T07:07:29.3181937Z with:
2026-08-24T07:07:29.3182774Z   mold-version: 2.41.0
2026-08-24T07:07:29.3183672Z   make-default: true
2026-08-24T07:07:29.3184799Z env:
2026-08-24T07:07:29.3185612Z   SCCACHE_GHA_ENABLED: false
2026-08-24T07:07:29.3186589Z   SCCACHE_CACHE_SIZE: 20G
2026-08-24T07:07:29.3187525Z   RUSTC_WRAPPER: sccache
2026-08-24T07:07:29.3188672Z   SCCACHE_PATH: /opt/hostedtoolcache/sccache/0.16.0/x64/sccache
2026-08-24T07:07:29.3189954Z   ACTIONS_CACHE_SERVICE_V2: on
2026-08-24T07:07:29.3191640Z   ACTIONS_RESULTS_URL: https://results-receiver.actions.githubusercontent.com/
2026-08-24T07:07:29.3388484Z   ACTIONS_RUNTIME_TOKEN: ***
2026-08-24T07:07:29.3389478Z ##[endgroup]
2026-08-24T07:07:29.3454295Z ##[start-action display=Run set -x;id=__rui314_setup-mold.__run]
2026-08-24T07:07:29.3516264Z ##[group]Run set -x
2026-08-24T07:07:29.3517223Z set -x
2026-08-24T07:07:29.3518136Z echo "mold 2.41.0"
2026-08-24T07:07:29.3519307Z if [ "$(whoami)" = root ]; then SUDO=; else SUDO=sudo; fi
2026-08-24T07:07:29.3522762Z wget -O- --timeout=10 --waitretry=3 --retry-connrefused --progress=dot:mega https://github.com/rui314/mold/releases/download/v2.41.0/mold-2.41.0-$(uname -m)-linux.tar.gz | $SUDO tar -C /usr/local --strip-components=1 --no-overwrite-dir -xzf -
2026-08-24T07:07:29.3526672Z test true = true -a "$(realpath /usr/bin/ld)" != /usr/local/bin/mold && $SUDO ln -sf /usr/local/bin/mold "$(realpath /usr/bin/ld)"; true
2026-08-24T07:07:29.3648942Z shell: /usr/bin/bash --noprofile --norc -e -o pipefail {0}
2026-08-24T07:07:29.3650306Z env:
2026-08-24T07:07:29.3651417Z   SCCACHE_GHA_ENABLED: false
2026-08-24T07:07:29.3652507Z   SCCACHE_CACHE_SIZE: 20G
2026-08-24T07:07:29.3653553Z   RUSTC_WRAPPER: sccache
2026-08-24T07:07:29.3654817Z   SCCACHE_PATH: /opt/hostedtoolcache/sccache/0.16.0/x64/sccache
2026-08-24T07:07:29.3656251Z   ACTIONS_CACHE_SERVICE_V2: on
2026-08-24T07:07:29.3657818Z   ACTIONS_RESULTS_URL: https://results-receiver.actions.githubusercontent.com/
2026-08-24T07:07:29.3852408Z   ACTIONS_RUNTIME_TOKEN: ***
2026-08-24T07:07:29.3853368Z ##[endgroup]
2026-08-24T07:07:29.3953500Z + echo 'mold 2.41.0'
2026-08-24T07:07:29.3955058Z mold 2.41.0
2026-08-24T07:07:29.3957288Z ++ whoami
2026-08-24T07:07:29.3993685Z + '[' runner = root ']'
2026-08-24T07:07:29.3995397Z + SUDO=sudo
2026-08-24T07:07:29.3999118Z + sudo tar -C /usr/local --strip-components=1 --no-overwrite-dir -xzf -
2026-08-24T07:07:29.4001916Z ++ uname -m
2026-08-24T07:07:29.4027481Z + wget -O- --timeout=10 --waitretry=3 --retry-connrefused --progress=dot:mega https://github.com/rui314/mold/releases/download/v2.41.0/mold-2.41.0-x86_64-linux.tar.gz
2026-08-24T07:07:29.4633894Z --2026-08-24 07:07:29--  https://github.com/rui314/mold/releases/download/v2.41.0/mold-2.41.0-x86_64-linux.tar.gz
2026-08-24T07:07:29.4719006Z Resolving github.com (github.com)... 140.82.112.3
2026-08-24T07:07:29.4739531Z Connecting to github.com (github.com)|140.82.112.3|:443... connected.
2026-08-24T07:07:29.5912692Z HTTP request sent, awaiting response... 302 Found
2026-08-24T07:07:29.5929585Z Location: https://release-assets.githubusercontent.com/github-production-release-asset/299510783/f4863e5d-1747-433e-8c26-b5a1c1950d2d?sp=r&sv=2018-11-09&sr=b&spr=https&se=2026-08-24T08%3A05%3A01Z&rscd=attachment%3B+filename%3Dmold-2.41.0-x86_64-linux.tar.gz&rsct=application%2Foctet-stream&skoid=96c2d410-5711-43a1-aedd-ab1947aa7ab0&sktid=398a6654-997b-47e9-b12b-9515b896b4de&skt=2026-08-24T07%3A04%3A58Z&ske=2026-08-24T08%3A05%3A01Z&sks=b&skv=2018-11-09&sig=uZqgXckLg5%2BHM8ljIRhPWj44bzTqVicrdMGhWbLg%2Bko%3D&jwt=*** [following]
2026-08-24T07:07:29.5952506Z --2026-08-24 07:07:29--  https://release-assets.githubusercontent.com/github-production-release-asset/299510783/f4863e5d-1747-433e-8c26-b5a1c1950d2d?sp=r&sv=2018-11-09&sr=b&spr=https&se=2026-08-24T08%3A05%3A01Z&rscd=attachment%3B+filename%3Dmold-2.41.0-x86_64-linux.tar.gz&rsct=application%2Foctet-stream&skoid=96c2d410-5711-43a1-aedd-ab1947aa7ab0&sktid=398a6654-997b-47e9-b12b-9515b896b4de&skt=2026-08-24T07%3A04%3A58Z&ske=2026-08-24T08%3A05%3A01Z&sks=b&skv=2018-11-09&sig=uZqgXckLg5%2BHM8ljIRhPWj44bzTqVicrdMGhWbLg%2Bko%3D&jwt=***
2026-08-24T07:07:29.5960933Z Resolving release-assets.githubusercontent.com (release-assets.githubusercontent.com)... 185.199.108.133, 185.199.110.133, 185.199.109.133, ...
2026-08-24T07:07:29.5964291Z Connecting to release-assets.githubusercontent.com (release-assets.githubusercontent.com)|185.199.108.133|:443... connected.
2026-08-24T07:07:29.6176844Z HTTP request sent, awaiting response... 200 OK
2026-08-24T07:07:29.6179644Z Length: 5119986 (4.9M) [application/octet-stream]
2026-08-24T07:07:29.6182636Z Saving to: ‘STDOUT’
2026-08-24T07:07:29.6192334Z 
2026-08-24T07:07:29.6669060Z      0K ........ ........ ........ ........ ........ ........ 61% 61.2M 0s
2026-08-24T07:07:29.6948917Z   3072K ........ ........ ........ ......                    100% 67.0M=0.08s
2026-08-24T07:07:29.6949914Z 
2026-08-24T07:07:29.6950740Z 2026-08-24 07:07:29 (63.3 MB/s) - written to stdout [5119986/5119986]
2026-08-24T07:07:29.6951932Z 
2026-08-24T07:07:29.7728703Z ++ realpath /usr/bin/ld
2026-08-24T07:07:29.7764512Z + test true = true -a /usr/bin/x86_64-linux-gnu-ld.bfd '!=' /usr/local/bin/mold
2026-08-24T07:07:29.7768025Z ++ realpath /usr/bin/ld
2026-08-24T07:07:29.7794944Z + sudo ln -sf /usr/local/bin/mold /usr/bin/x86_64-linux-gnu-ld.bfd
2026-08-24T07:07:29.7893819Z + true
2026-08-24T07:07:29.7919957Z ##[end-action id=__rui314_setup-mold.__run;outcome=success;conclusion=success;duration_ms=446]
2026-08-24T07:07:29.8158679Z ##[group]Run jdx/mise-action@3c2e0cf82a5b2e5249f0d3635a4d83d0ae861518
2026-08-24T07:07:29.8159961Z with:
2026-08-24T07:07:29.8160712Z   install: true
2026-08-24T07:07:29.8161843Z   bootstrap: false
2026-08-24T07:07:29.8162659Z   cache: true
2026-08-24T07:07:29.8163438Z   cache_save: true
2026-08-24T07:07:29.8164262Z   cache_key_prefix: mise-v1
2026-08-24T07:07:29.8165173Z   experimental: false
2026-08-24T07:07:29.8166001Z   log_level: info
2026-08-24T07:07:29.8166800Z   reshim: false
2026-08-24T07:07:29.8167597Z   add_shims_to_path: true
2026-08-24T07:07:29.8175239Z   github_token: ***
2026-08-24T07:07:29.8176116Z   fetch_from_github: true
2026-08-24T07:07:29.8176965Z   env: true
2026-08-24T07:07:29.8177730Z   export_path: true
2026-08-24T07:07:29.8178559Z   wings_enabled: false
2026-08-24T07:07:29.8179390Z env:
2026-08-24T07:07:29.8180166Z   SCCACHE_GHA_ENABLED: false
2026-08-24T07:07:29.8181088Z   SCCACHE_CACHE_SIZE: 20G
2026-08-24T07:07:29.8182238Z   RUSTC_WRAPPER: sccache
2026-08-24T07:07:29.8183354Z   SCCACHE_PATH: /opt/hostedtoolcache/sccache/0.16.0/x64/sccache
2026-08-24T07:07:29.8184556Z   ACTIONS_CACHE_SERVICE_V2: on
2026-08-24T07:07:29.8185906Z   ACTIONS_RESULTS_URL: https://results-receiver.actions.githubusercontent.com/
2026-08-24T07:07:29.8381299Z   ACTIONS_RUNTIME_TOKEN: ***
2026-08-24T07:07:29.8382312Z ##[endgroup]
2026-08-24T07:07:29.9773496Z ##[group]Restoring mise cache
2026-08-24T07:07:29.9818280Z [command]/usr/bin/ldd --version
2026-08-24T07:07:29.9887369Z ldd (Ubuntu GLIBC 2.43-2ubuntu2.3) 2.43
2026-08-24T07:07:29.9889415Z Copyright (C) 2024 Free Software Foundation, Inc.
2026-08-24T07:07:29.9892200Z This is free software; see the source for copying conditions.  There is NO
2026-08-24T07:07:29.9895402Z warranty; not even for MERCHANTABILITY or FITNESS FOR A PARTICULAR PURPOSE.
2026-08-24T07:07:29.9898296Z Written by Roland McGrath and Ulrich Drepper.
2026-08-24T07:07:30.2422949Z mise cache not found for mise-v1-linux-x64-ubuntu26-bd0e36e4344300afcf40bccef628727d936bc4c02feb70aaeef04a4891dd8946
2026-08-24T07:07:30.2427996Z ##[group]Setup mise
2026-08-24T07:07:30.2449840Z [command]/usr/local/bin/zstd --version
2026-08-24T07:07:30.2483031Z *** Zstandard CLI (64-bit) v1.5.7, by Yann Collet ***
2026-08-24T07:07:30.2501733Z [command]/usr/bin/tar --zstd --version
2026-08-24T07:07:30.2535828Z tar (GNU tar) 1.35
2026-08-24T07:07:30.2537183Z Copyright (C) 2023 Free Software Foundation, Inc.
2026-08-24T07:07:30.2539049Z License GPLv3+: GNU GPL version 3 or later <https://gnu.org/licenses/gpl.html>.
2026-08-24T07:07:30.2541948Z This is free software: you are free to change and redistribute it.
2026-08-24T07:07:30.2544946Z There is NO WARRANTY, to the extent permitted by law.
2026-08-24T07:07:30.2546081Z 
2026-08-24T07:07:30.2546539Z Written by John Gilmore and Jay Fenlason.
2026-08-24T07:07:30.2557366Z Using curl to download mise
2026-08-24T07:07:30.4106298Z [command]/usr/bin/ldd --version
2026-08-24T07:07:30.4145022Z ldd (Ubuntu GLIBC 2.43-2ubuntu2.3) 2.43
2026-08-24T07:07:30.4147253Z Copyright (C) 2024 Free Software Foundation, Inc.
2026-08-24T07:07:30.4149759Z This is free software; see the source for copying conditions.  There is NO
2026-08-24T07:07:30.4153064Z warranty; not even for MERCHANTABILITY or FITNESS FOR A PARTICULAR PURPOSE.
2026-08-24T07:07:30.4155699Z Written by Roland McGrath and Ulrich Drepper.
2026-08-24T07:07:30.4170461Z [command]/usr/bin/curl -fsSL https://github.com/jdx/mise/releases/download/v2026.8.11/mise-v2026.8.11-linux-x64.tar.zst --output /tmp/mise-action-UiKcfz/mise-v2026.8.11-linux-x64.tar.zst
2026-08-24T07:07:30.6484247Z Verified mise-v2026.8.11-linux-x64.tar.zst against signed checksums
2026-08-24T07:07:30.6501692Z [command]/usr/bin/tar --zstd -xf /tmp/mise-action-UiKcfz/mise-v2026.8.11-linux-x64.tar.zst -C /tmp/mise-action-UiKcfz
2026-08-24T07:07:30.8810257Z [command]/usr/bin/mv /tmp/mise-action-UiKcfz/mise/bin/mise /home/runner/.local/share/mise/bin/mise
2026-08-24T07:07:30.9471879Z ##[group]Setting env vars
2026-08-24T07:07:30.9473086Z Setting MISE_LOG_LEVEL=info
2026-08-24T07:07:30.9478128Z Setting MISE_GITHUB_TOKEN=***
2026-08-24T07:07:30.9478848Z Setting MISE_TRUSTED_CONFIG_PATHS=/home/runner/work/velnor-actions-fixture/velnor-actions-fixture
2026-08-24T07:07:30.9479482Z Setting MISE_YES=1
2026-08-24T07:07:30.9479828Z Adding /home/runner/.local/share/mise/shims to PATH
2026-08-24T07:07:30.9480547Z ##[group]Running mise --version
2026-08-24T07:07:30.9505276Z [command]/home/runner/.local/share/mise/bin/mise --version
2026-08-24T07:07:30.9590305Z 2026.8.11 linux-x64 (2026-08-23)
2026-08-24T07:07:30.9635278Z ##[endgroup]
2026-08-24T07:07:30.9744160Z Detected a mise lock file, running `mise install --locked`
2026-08-24T07:07:30.9745732Z ##[group]Running mise install --locked
2026-08-24T07:07:30.9765044Z [command]/home/runner/.local/share/mise/bin/mise install --locked
2026-08-24T07:07:30.9896974Z mise actionlint@1.7.12 [1/3] install
2026-08-24T07:07:30.9897966Z mise rust@1.98.0     [1/3] install
2026-08-24T07:07:30.9903446Z mise aqua:nextest-rs/nextest/cargo-nextest@0.9.140 [1/3] install
2026-08-24T07:07:30.9906752Z mise just@1.58.0     [1/3] install
2026-08-24T07:07:30.9914090Z mise cargo-binstall@1.22.0 [1/3] install
2026-08-24T07:07:31.0682692Z mise just@1.58.0     [1/3] download just-1.58.0-x86_64-unknown-linux-musl.tar.gz
2026-08-24T07:07:31.0684441Z mise actionlint@1.7.12 [1/3] download actionlint_1.7.12_linux_amd64.tar.gz
2026-08-24T07:07:31.0875103Z mise aqua:nextest-rs/nextest/cargo-nextest@0.9.140 [1/3] download cargo-nextest-0.9.140-x86_64-unknown-linux-gnu.tar.gz
2026-08-24T07:07:31.0984749Z mise just@1.58.0     [1/3] checksum just-1.58.0-x86_64-unknown-linux-musl.tar.gz
2026-08-24T07:07:31.1012449Z mise actionlint@1.7.12 [2/3] verify GitHub artifact attestations
2026-08-24T07:07:31.1013749Z mise just@1.58.0     [2/3] extract just-1.58.0-x86_64-unknown-linux-musl.tar.gz
2026-08-24T07:07:31.1322787Z mise cargo-binstall@1.22.0 [1/3] download cargo-binstall-x86_64-unknown-linux-gnu.tgz
2026-08-24T07:07:31.1329684Z mise just@1.58.0   ✓ installed
2026-08-24T07:07:31.1715387Z mise aqua:nextest-rs/nextest/cargo-nextest@0.9.140 [2/3] checksum cargo-nextest-0.9.140-x86_64-unknown-linux-gnu.tar.gz
2026-08-24T07:07:31.1833405Z mise aqua:nextest-rs/nextest/cargo-nextest@0.9.140 [3/3] extract cargo-nextest-0.9.140-x86_64-unknown-linux-gnu.tar.gz
2026-08-24T07:07:31.1884437Z mise cargo-binstall@1.22.0 [1/3] verify GitHub artifact attestations
2026-08-24T07:07:31.2987401Z mise aqua:nextest-rs/nextest/cargo-nextest@0.9.140 ✓ installed
2026-08-24T07:07:31.3683514Z mise actionlint@1.7.12 [2/3] ✓ GitHub artifact attestations verified
2026-08-24T07:07:31.3685491Z mise actionlint@1.7.12 [2/3] checksum actionlint_1.7.12_linux_amd64.tar.gz
2026-08-24T07:07:31.3703404Z mise actionlint@1.7.12 [3/3] extract actionlint_1.7.12_linux_amd64.tar.gz
2026-08-24T07:07:31.3745723Z mise cargo-binstall@1.22.0 [1/3] ✓ GitHub artifact attestations verified
2026-08-24T07:07:31.3746875Z mise cargo-binstall@1.22.0 [1/3] checksum cargo-binstall-x86_64-unknown-linux-gnu.tgz
2026-08-24T07:07:31.3812601Z mise cargo-binstall@1.22.0 [2/3] extract cargo-binstall-x86_64-unknown-linux-gnu.tgz
2026-08-24T07:07:31.3977018Z mise actionlint@1.7.12 ✓ installed
2026-08-24T07:07:31.4455713Z mise cargo-binstall@1.22.0 ✓ installed
2026-08-24T07:07:31.5414538Z info: syncing channel updates for 1.98.0-x86_64-unknown-linux-gnu
2026-08-24T07:07:31.8139778Z info: latest update on 2026-08-20 for version 1.98.0 (88d9e12ae 2026-08-18)
2026-08-24T07:07:31.8196579Z info: downloading 3 components
2026-08-24T07:07:39.6478511Z mise rust@1.98.0     [1/3]   1.98.0-x86_64-unknown-linux-gnu installed - rustc 1.98.0 (88d9e12ae 2026-08-18)
2026-08-24T07:07:39.6777989Z mise rust@1.98.0     [1/3] rustc -V
2026-08-24T07:07:39.6916691Z mise rust@1.98.0     [1/3] rustc 1.98.0 (88d9e12ae 2026-08-18)
2026-08-24T07:07:39.6951020Z mise rust@1.98.0   ✓ installed
2026-08-24T07:07:39.7075719Z ##[endgroup]
2026-08-24T07:07:39.7076849Z ##[group]Saving mise cache
2026-08-24T07:07:39.7201773Z [command]/usr/bin/tar --posix -cf cache.tzst --exclude cache.tzst -P -C /home/runner/work/velnor-actions-fixture/velnor-actions-fixture --files-from manifest.txt --use-compress-program zstdmt
2026-08-24T07:07:40.3393079Z Failed to save: Unable to reserve cache with key mise-v1-linux-x64-ubuntu26-bd0e36e4344300afcf40bccef628727d936bc4c02feb70aaeef04a4891dd8946, another job may be creating this cache.
2026-08-24T07:07:40.3445637Z ##[endgroup]
2026-08-24T07:07:40.3446525Z ##[group]Running mise ls
2026-08-24T07:07:40.3467179Z [command]/home/runner/.local/share/mise/bin/mise ls
2026-08-24T07:07:40.3598090Z actionlint                             1.7.12            ~/work/velnor-actions-fixture/velnor-actions-fixture/mise.toml  1.7.12
2026-08-24T07:07:40.3599257Z aqua:nextest-rs/nextest/cargo-nextest  0.9.140           ~/work/velnor-actions-fixture/velnor-actions-fixture/mise.toml  0.9.140
2026-08-24T07:07:40.3601619Z cargo-binstall                         1.22.0            ~/work/velnor-actions-fixture/velnor-actions-fixture/mise.toml  1.22.0
2026-08-24T07:07:40.3603082Z just                                   1.58.0            ~/work/velnor-actions-fixture/velnor-actions-fixture/mise.toml  1.58.0
2026-08-24T07:07:40.3604445Z rust                                   1.98.0 (symlink)  ~/work/velnor-actions-fixture/velnor-actions-fixture/mise.toml  1.98.0
2026-08-24T07:07:40.3614141Z ##[endgroup]
2026-08-24T07:07:40.3616793Z ##[group]Exporting mise environment variables
2026-08-24T07:07:40.3789603Z [command]/home/runner/.local/share/mise/bin/mise env --json
2026-08-24T07:07:40.3924318Z {
2026-08-24T07:07:40.3924758Z   "CARGO_HOME": "/home/runner/.cargo",
2026-08-24T07:07:40.3927868Z   "PATH": "/home/runner/.local/share/mise/installs/actionlint/1.7.12:/home/runner/.cargo/bin:/home/runner/.local/share/mise/installs/cargo-binstall/1.22.0/.mise-bins:/home/runner/.local/share/mise/installs/aqua-nextest-rs-nextest-cargo-nextest/0.9.140/.mise-bins:/home/runner/.local/share/mise/installs/just/1.58.0:/home/runner/.local/share/mise/shims:/home/runner/.local/share/mise/bin:/opt/hostedtoolcache/sccache/0.16.0/x64:/snap/bin:/home/runner/.local/bin:/opt/pipx_bin:/home/runner/.config/composer/vendor/bin:/usr/local/.ghcup/bin:/home/runner/.dotnet/tools:/usr/local/sbin:/usr/local/bin:/usr/sbin:/usr/bin:/sbin:/bin:/usr/games:/usr/local/games",
2026-08-24T07:07:40.3930667Z   "RUSTUP_HOME": "/home/runner/.rustup",
2026-08-24T07:07:40.3931066Z   "RUSTUP_TOOLCHAIN": "1.98.0"
2026-08-24T07:07:40.3931654Z }
2026-08-24T07:07:40.3952372Z Adding /home/runner/.local/share/mise/installs/just/1.58.0 to PATH
2026-08-24T07:07:40.3953514Z Adding /home/runner/.local/share/mise/installs/aqua-nextest-rs-nextest-cargo-nextest/0.9.140/.mise-bins to PATH
2026-08-24T07:07:40.3954481Z Adding /home/runner/.local/share/mise/installs/cargo-binstall/1.22.0/.mise-bins to PATH
2026-08-24T07:07:40.3955062Z Adding /home/runner/.local/share/mise/installs/actionlint/1.7.12 to PATH
2026-08-24T07:07:40.3955736Z ##[endgroup]
2026-08-24T07:07:40.4076274Z ##[group]Run rustup component add rustfmt clippy
2026-08-24T07:07:40.4076721Z rustup component add rustfmt clippy
2026-08-24T07:07:40.4122776Z shell: /usr/bin/bash --noprofile --norc -e -o pipefail {0}
2026-08-24T07:07:40.4123225Z env:
2026-08-24T07:07:40.4123472Z   SCCACHE_GHA_ENABLED: false
2026-08-24T07:07:40.4123784Z   SCCACHE_CACHE_SIZE: 20G
2026-08-24T07:07:40.4124076Z   RUSTC_WRAPPER: sccache
2026-08-24T07:07:40.4124463Z   SCCACHE_PATH: /opt/hostedtoolcache/sccache/0.16.0/x64/sccache
2026-08-24T07:07:40.4124904Z   ACTIONS_CACHE_SERVICE_V2: on
2026-08-24T07:07:40.4125435Z   ACTIONS_RESULTS_URL: https://results-receiver.actions.githubusercontent.com/
2026-08-24T07:07:40.4193357Z   ACTIONS_RUNTIME_TOKEN: ***
2026-08-24T07:07:40.4193639Z   MISE_LOG_LEVEL: info
2026-08-24T07:07:40.4196022Z   MISE_GITHUB_TOKEN: ***
2026-08-24T07:07:40.4196428Z   MISE_TRUSTED_CONFIG_PATHS: /home/runner/work/velnor-actions-fixture/velnor-actions-fixture
2026-08-24T07:07:40.4196898Z   MISE_YES: 1
2026-08-24T07:07:40.4197107Z   CARGO_HOME: /home/runner/.cargo
2026-08-24T07:07:40.4197373Z   RUSTUP_HOME: /home/runner/.rustup
2026-08-24T07:07:40.4197626Z   RUSTUP_TOOLCHAIN: 1.98.0
2026-08-24T07:07:40.4197859Z ##[endgroup]
2026-08-24T07:07:40.5030998Z info: downloading component rustfmt
2026-08-24T07:07:40.8960342Z info: downloading component clippy
2026-08-24T07:07:41.4107124Z ##[group]Run actions/cache@55cc8345863c7cc4c66a329aec7e433d2d1c52a9
2026-08-24T07:07:41.4107597Z with:
2026-08-24T07:07:41.4107868Z   path: ~/.cargo/registry
~/.cargo/git

2026-08-24T07:07:41.4108504Z   key: fixture-GitHub-Linux-582f8f21eba95f43ee3007b14a074dd66b405fe2f8e4c6f759b0e0eb2b28a9b1
2026-08-24T07:07:41.4109161Z   restore-keys: fixture-GitHub-Linux-
2026-08-24T07:07:41.4109522Z   enableCrossOsArchive: false
2026-08-24T07:07:41.4109839Z   fail-on-cache-miss: false
2026-08-24T07:07:41.4110129Z   lookup-only: false
2026-08-24T07:07:41.4110394Z   save-always: false
2026-08-24T07:07:41.4110643Z env:
2026-08-24T07:07:41.4110880Z   SCCACHE_GHA_ENABLED: false
2026-08-24T07:07:41.4111444Z   SCCACHE_CACHE_SIZE: 20G
2026-08-24T07:07:41.4111755Z   RUSTC_WRAPPER: sccache
2026-08-24T07:07:41.4112147Z   SCCACHE_PATH: /opt/hostedtoolcache/sccache/0.16.0/x64/sccache
2026-08-24T07:07:41.4112581Z   ACTIONS_CACHE_SERVICE_V2: on
2026-08-24T07:07:41.4113152Z   ACTIONS_RESULTS_URL: https://results-receiver.actions.githubusercontent.com/
2026-08-24T07:07:41.4180570Z   ACTIONS_RUNTIME_TOKEN: ***
2026-08-24T07:07:41.4180836Z   MISE_LOG_LEVEL: info
2026-08-24T07:07:41.4183591Z   MISE_GITHUB_TOKEN: ***
2026-08-24T07:07:41.4184010Z   MISE_TRUSTED_CONFIG_PATHS: /home/runner/work/velnor-actions-fixture/velnor-actions-fixture
2026-08-24T07:07:41.4184454Z   MISE_YES: 1
2026-08-24T07:07:41.4184658Z   CARGO_HOME: /home/runner/.cargo
2026-08-24T07:07:41.4184917Z   RUSTUP_HOME: /home/runner/.rustup
2026-08-24T07:07:41.4185175Z   RUSTUP_TOOLCHAIN: 1.98.0
2026-08-24T07:07:41.4185400Z ##[endgroup]
2026-08-24T07:07:41.6028789Z Cache not found for input keys: fixture-GitHub-Linux-582f8f21eba95f43ee3007b14a074dd66b405fe2f8e4c6f759b0e0eb2b28a9b1, fixture-GitHub-Linux-
2026-08-24T07:07:41.8106296Z ##[group]Run actions/cache@55cc8345863c7cc4c66a329aec7e433d2d1c52a9
2026-08-24T07:07:41.8106862Z with:
2026-08-24T07:07:41.8107056Z   path: target
2026-08-24T07:07:41.8107738Z   key: fixture-target-GitHub-Linux-compat-b211f666483b27b14ac8b50cc7a03d63b9c5951c46561001a01ceb1df280186b-46f71d3f81a731b2c4fb7b2bb0e90f73a6f062d3
2026-08-24T07:07:41.8108801Z   restore-keys: fixture-target-GitHub-Linux-compat-b211f666483b27b14ac8b50cc7a03d63b9c5951c46561001a01ceb1df280186b-
2026-08-24T07:07:41.8109403Z   enableCrossOsArchive: false
2026-08-24T07:07:41.8109654Z   fail-on-cache-miss: false
2026-08-24T07:07:41.8109890Z   lookup-only: false
2026-08-24T07:07:41.8110100Z   save-always: false
2026-08-24T07:07:41.8110301Z env:
2026-08-24T07:07:41.8110505Z   SCCACHE_GHA_ENABLED: false
2026-08-24T07:07:41.8110742Z   SCCACHE_CACHE_SIZE: 20G
2026-08-24T07:07:41.8110967Z   RUSTC_WRAPPER: sccache
2026-08-24T07:07:41.8111725Z   SCCACHE_PATH: /opt/hostedtoolcache/sccache/0.16.0/x64/sccache
2026-08-24T07:07:41.8112257Z   ACTIONS_CACHE_SERVICE_V2: on
2026-08-24T07:07:41.8112664Z   ACTIONS_RESULTS_URL: https://results-receiver.actions.githubusercontent.com/
2026-08-24T07:07:41.8174867Z   ACTIONS_RUNTIME_TOKEN: ***
2026-08-24T07:07:41.8175128Z   MISE_LOG_LEVEL: info
2026-08-24T07:07:41.8177496Z   MISE_GITHUB_TOKEN: ***
2026-08-24T07:07:41.8177907Z   MISE_TRUSTED_CONFIG_PATHS: /home/runner/work/velnor-actions-fixture/velnor-actions-fixture
2026-08-24T07:07:41.8178345Z   MISE_YES: 1
2026-08-24T07:07:41.8178548Z   CARGO_HOME: /home/runner/.cargo
2026-08-24T07:07:41.8178801Z   RUSTUP_HOME: /home/runner/.rustup
2026-08-24T07:07:41.8179051Z   RUSTUP_TOOLCHAIN: 1.98.0
2026-08-24T07:07:41.8179270Z ##[endgroup]
2026-08-24T07:07:42.0083040Z Cache hit for restore-key: fixture-target-GitHub-Linux-compat-b211f666483b27b14ac8b50cc7a03d63b9c5951c46561001a01ceb1df280186b-d5f7e28aedfe7d74d71745e405ce299a52b48a91
2026-08-24T07:07:42.1749034Z Received 6551644 of 6551644 (100.0%), 52.1 MBs/sec
2026-08-24T07:07:42.1749851Z Cache Size: ~6 MB (6551644 B)
2026-08-24T07:07:42.1792583Z [command]/usr/bin/tar -xf /home/runner/work/_temp/3eeaa66b-85a9-42c8-8443-eb016b0be7aa/cache.tzst -P -C /home/runner/work/velnor-actions-fixture/velnor-actions-fixture --use-compress-program unzstd
2026-08-24T07:07:42.2467193Z Cache restored successfully
2026-08-24T07:07:42.2553265Z Cache restored from key: fixture-target-GitHub-Linux-compat-b211f666483b27b14ac8b50cc7a03d63b9c5951c46561001a01ceb1df280186b-d5f7e28aedfe7d74d71745e405ce299a52b48a91
2026-08-24T07:07:42.2691865Z ##[group]Run set -euo pipefail
2026-08-24T07:07:42.2692231Z set -euo pipefail
2026-08-24T07:07:42.2692532Z pkg="crates/app-a/Cargo.toml"
2026-08-24T07:07:42.2693003Z version="$(grep -E '^rust-version\s*=' "$pkg" | head -1 | sed 's/.*= *"\(.*\)"/\1/' || true)"
2026-08-24T07:07:42.2693456Z if [[ -z "${version}" ]]; then
2026-08-24T07:07:42.2693951Z   version="$(grep -E '^rust-version\s*=' Cargo.toml | head -1 | sed 's/.*= *"\(.*\)"/\1/' || true)"
2026-08-24T07:07:42.2694402Z fi
2026-08-24T07:07:42.2694639Z if [[ -z "${version}" ]]; then
2026-08-24T07:07:42.2695037Z   version="$(rustc -vV | sed -n 's/^release: \([0-9]*\.[0-9]*\.[0-9]*\).*/\1/p')"
2026-08-24T07:07:42.2695419Z fi
2026-08-24T07:07:42.2695671Z echo "version=${version}" >> "${GITHUB_OUTPUT}"
2026-08-24T07:07:42.2739803Z shell: /usr/bin/bash --noprofile --norc -e -o pipefail {0}
2026-08-24T07:07:42.2740160Z env:
2026-08-24T07:07:42.2740404Z   SCCACHE_GHA_ENABLED: false
2026-08-24T07:07:42.2740661Z   SCCACHE_CACHE_SIZE: 20G
2026-08-24T07:07:42.2740889Z   RUSTC_WRAPPER: sccache
2026-08-24T07:07:42.2741561Z   SCCACHE_PATH: /opt/hostedtoolcache/sccache/0.16.0/x64/sccache
2026-08-24T07:07:42.2741974Z   ACTIONS_CACHE_SERVICE_V2: on
2026-08-24T07:07:42.2742378Z   ACTIONS_RESULTS_URL: https://results-receiver.actions.githubusercontent.com/
2026-08-24T07:07:42.2802742Z   ACTIONS_RUNTIME_TOKEN: ***
2026-08-24T07:07:42.2803022Z   MISE_LOG_LEVEL: info
2026-08-24T07:07:42.2805551Z   MISE_GITHUB_TOKEN: ***
2026-08-24T07:07:42.2806187Z   MISE_TRUSTED_CONFIG_PATHS: /home/runner/work/velnor-actions-fixture/velnor-actions-fixture
2026-08-24T07:07:42.2806630Z   MISE_YES: 1
2026-08-24T07:07:42.2806850Z   CARGO_HOME: /home/runner/.cargo
2026-08-24T07:07:42.2807114Z   RUSTUP_HOME: /home/runner/.rustup
2026-08-24T07:07:42.2807377Z   RUSTUP_TOOLCHAIN: 1.98.0
2026-08-24T07:07:42.2807611Z ##[endgroup]
2026-08-24T07:07:42.3282568Z ##[group]Run set -euo pipefail
2026-08-24T07:07:42.3283148Z set -euo pipefail
2026-08-24T07:07:42.3283574Z echo "FIXTURE_PACKAGE=${PACKAGE}" >> "${GITHUB_ENV}"
2026-08-24T07:07:42.3284146Z echo "package=${PACKAGE}" >> "${GITHUB_OUTPUT}"
2026-08-24T07:07:42.3284582Z echo "lane=${LANE}" >> "${GITHUB_OUTPUT}"
2026-08-24T07:07:42.3285091Z echo "setup-state=complete" >> "${GITHUB_STATE}"
2026-08-24T07:07:42.3285660Z # Multiline heredoc output — matches ChainArgos bake-targets pattern
2026-08-24T07:07:42.3286294Z printf 'packages<<EOF\n%s\n%s\nEOF\n' "app-a" "app-b" >> "${GITHUB_OUTPUT}"
2026-08-24T07:07:42.3286935Z mkdir -p "${HOME}/.local/bin"
2026-08-24T07:07:42.3287490Z printf '%s\n' '#!/usr/bin/env bash' 'echo fixture-tool-ok' > "${HOME}/.local/bin/fixture-tool"
2026-08-24T07:07:42.3288117Z chmod +x "${HOME}/.local/bin/fixture-tool"
2026-08-24T07:07:42.3288652Z echo "${HOME}/.local/bin" >> "${GITHUB_PATH}"
2026-08-24T07:07:42.3289136Z echo "### ${LANE} ${PACKAGE}" >> "${GITHUB_STEP_SUMMARY}"
2026-08-24T07:07:42.3333374Z shell: /usr/bin/bash --noprofile --norc -e -o pipefail {0}
2026-08-24T07:07:42.3333825Z env:
2026-08-24T07:07:42.3334145Z   SCCACHE_GHA_ENABLED: false
2026-08-24T07:07:42.3334560Z   SCCACHE_CACHE_SIZE: 20G
2026-08-24T07:07:42.3334888Z   RUSTC_WRAPPER: sccache
2026-08-24T07:07:42.3335379Z   SCCACHE_PATH: /opt/hostedtoolcache/sccache/0.16.0/x64/sccache
2026-08-24T07:07:42.3335823Z   ACTIONS_CACHE_SERVICE_V2: on
2026-08-24T07:07:42.3336341Z   ACTIONS_RESULTS_URL: https://results-receiver.actions.githubusercontent.com/
2026-08-24T07:07:42.3397767Z   ACTIONS_RUNTIME_TOKEN: ***
2026-08-24T07:07:42.3398155Z   MISE_LOG_LEVEL: info
2026-08-24T07:07:42.3400706Z   MISE_GITHUB_TOKEN: ***
2026-08-24T07:07:42.3401568Z   MISE_TRUSTED_CONFIG_PATHS: /home/runner/work/velnor-actions-fixture/velnor-actions-fixture
2026-08-24T07:07:42.3402229Z   MISE_YES: 1
2026-08-24T07:07:42.3402545Z   CARGO_HOME: /home/runner/.cargo
2026-08-24T07:07:42.3402896Z   RUSTUP_HOME: /home/runner/.rustup
2026-08-24T07:07:42.3403349Z   RUSTUP_TOOLCHAIN: 1.98.0
2026-08-24T07:07:42.3403702Z   PACKAGE: app-a
2026-08-24T07:07:42.3404034Z   LANE: GitHub
2026-08-24T07:07:42.3404316Z ##[endgroup]
2026-08-24T07:07:42.3567907Z ##[group]Run just fmt-check
2026-08-24T07:07:42.3568370Z just fmt-check
2026-08-24T07:07:42.3609570Z shell: /usr/bin/bash --noprofile --norc -e -o pipefail {0}
2026-08-24T07:07:42.3610114Z env:
2026-08-24T07:07:42.3610409Z   SCCACHE_GHA_ENABLED: false
2026-08-24T07:07:42.3610850Z   SCCACHE_CACHE_SIZE: 20G
2026-08-24T07:07:42.3611516Z   RUSTC_WRAPPER: sccache
2026-08-24T07:07:42.3612007Z   SCCACHE_PATH: /opt/hostedtoolcache/sccache/0.16.0/x64/sccache
2026-08-24T07:07:42.3612535Z   ACTIONS_CACHE_SERVICE_V2: on
2026-08-24T07:07:42.3613069Z   ACTIONS_RESULTS_URL: https://results-receiver.actions.githubusercontent.com/
2026-08-24T07:07:42.3674714Z   ACTIONS_RUNTIME_TOKEN: ***
2026-08-24T07:07:42.3675095Z   MISE_LOG_LEVEL: info
2026-08-24T07:07:42.3677685Z   MISE_GITHUB_TOKEN: ***
2026-08-24T07:07:42.3678200Z   MISE_TRUSTED_CONFIG_PATHS: /home/runner/work/velnor-actions-fixture/velnor-actions-fixture
2026-08-24T07:07:42.3678766Z   MISE_YES: 1
2026-08-24T07:07:42.3679231Z   CARGO_HOME: /home/runner/.cargo
2026-08-24T07:07:42.3679620Z   RUSTUP_HOME: /home/runner/.rustup
2026-08-24T07:07:42.3680042Z   RUSTUP_TOOLCHAIN: 1.98.0
2026-08-24T07:07:42.3680354Z   FIXTURE_PACKAGE: app-a
2026-08-24T07:07:42.3680765Z ##[endgroup]
2026-08-24T07:07:42.3768802Z cargo fmt --check
2026-08-24T07:07:42.4396633Z ##[group]Run just clippy "app-a"
2026-08-24T07:07:42.4396986Z just clippy "app-a"
2026-08-24T07:07:42.4440414Z shell: /usr/bin/bash --noprofile --norc -e -o pipefail {0}
2026-08-24T07:07:42.4440816Z env:
2026-08-24T07:07:42.4441016Z   SCCACHE_GHA_ENABLED: false
2026-08-24T07:07:42.4441566Z   SCCACHE_CACHE_SIZE: 20G
2026-08-24T07:07:42.4441818Z   RUSTC_WRAPPER: sccache
2026-08-24T07:07:42.4442129Z   SCCACHE_PATH: /opt/hostedtoolcache/sccache/0.16.0/x64/sccache
2026-08-24T07:07:42.4442484Z   ACTIONS_CACHE_SERVICE_V2: on
2026-08-24T07:07:42.4442891Z   ACTIONS_RESULTS_URL: https://results-receiver.actions.githubusercontent.com/
2026-08-24T07:07:42.4504070Z   ACTIONS_RUNTIME_TOKEN: ***
2026-08-24T07:07:42.4504370Z   MISE_LOG_LEVEL: info
2026-08-24T07:07:42.4506743Z   MISE_GITHUB_TOKEN: ***
2026-08-24T07:07:42.4507166Z   MISE_TRUSTED_CONFIG_PATHS: /home/runner/work/velnor-actions-fixture/velnor-actions-fixture
2026-08-24T07:07:42.4507608Z   MISE_YES: 1
2026-08-24T07:07:42.4507848Z   CARGO_HOME: /home/runner/.cargo
2026-08-24T07:07:42.4508128Z   RUSTUP_HOME: /home/runner/.rustup
2026-08-24T07:07:42.4508392Z   RUSTUP_TOOLCHAIN: 1.98.0
2026-08-24T07:07:42.4508628Z   FIXTURE_PACKAGE: app-a
2026-08-24T07:07:42.4508876Z ##[endgroup]
2026-08-24T07:07:42.4599427Z cargo clippy -p "app-a" -- -D warnings
2026-08-24T07:07:42.6506482Z     Checking shared v0.1.0 (/home/runner/work/velnor-actions-fixture/velnor-actions-fixture/crates/shared)
2026-08-24T07:07:42.6728147Z     Checking app-a v0.1.0 (/home/runner/work/velnor-actions-fixture/velnor-actions-fixture/crates/app-a)
2026-08-24T07:07:42.6934240Z     Finished `dev` profile [unoptimized + debuginfo] target(s) in 0.19s
2026-08-24T07:07:42.6993380Z ##[group]Run just nextest "app-a"
2026-08-24T07:07:42.6993735Z just nextest "app-a"
2026-08-24T07:07:42.7037310Z shell: /usr/bin/bash --noprofile --norc -e -o pipefail {0}
2026-08-24T07:07:42.7037655Z env:
2026-08-24T07:07:42.7037858Z   SCCACHE_GHA_ENABLED: false
2026-08-24T07:07:42.7038105Z   SCCACHE_CACHE_SIZE: 20G
2026-08-24T07:07:42.7038351Z   RUSTC_WRAPPER: sccache
2026-08-24T07:07:42.7038652Z   SCCACHE_PATH: /opt/hostedtoolcache/sccache/0.16.0/x64/sccache
2026-08-24T07:07:42.7038998Z   ACTIONS_CACHE_SERVICE_V2: on
2026-08-24T07:07:42.7039401Z   ACTIONS_RESULTS_URL: https://results-receiver.actions.githubusercontent.com/
2026-08-24T07:07:42.7102036Z   ACTIONS_RUNTIME_TOKEN: ***
2026-08-24T07:07:42.7102325Z   MISE_LOG_LEVEL: info
2026-08-24T07:07:42.7104692Z   MISE_GITHUB_TOKEN: ***
2026-08-24T07:07:42.7105115Z   MISE_TRUSTED_CONFIG_PATHS: /home/runner/work/velnor-actions-fixture/velnor-actions-fixture
2026-08-24T07:07:42.7105553Z   MISE_YES: 1
2026-08-24T07:07:42.7105792Z   CARGO_HOME: /home/runner/.cargo
2026-08-24T07:07:42.7106060Z   RUSTUP_HOME: /home/runner/.rustup
2026-08-24T07:07:42.7106318Z   RUSTUP_TOOLCHAIN: 1.98.0
2026-08-24T07:07:42.7106550Z   FIXTURE_PACKAGE: app-a
2026-08-24T07:07:42.7106780Z ##[endgroup]
2026-08-24T07:07:42.7193788Z cargo nextest run --locked -p "app-a"
2026-08-24T07:07:42.9588953Z    Compiling shared v0.1.0 (/home/runner/work/velnor-actions-fixture/velnor-actions-fixture/crates/shared)
2026-08-24T07:07:42.9848781Z    Compiling app-a v0.1.0 (/home/runner/work/velnor-actions-fixture/velnor-actions-fixture/crates/app-a)
2026-08-24T07:07:43.2467529Z     Finished `test` profile [unoptimized + debuginfo] target(s) in 0.29s
2026-08-24T07:07:43.2536400Z ────────────
2026-08-24T07:07:43.2536861Z  Nextest run ID 44ea822b-b373-49a0-a28e-73ac6ac6bab5 with nextest profile: default
2026-08-24T07:07:43.2537320Z     Starting 1 test across 1 binary
2026-08-24T07:07:43.2587428Z         PASS [   0.004s] (1/1) app-a::bin/app-a tests::prints_expected_label
2026-08-24T07:07:43.2587982Z ────────────
2026-08-24T07:07:43.2588272Z      Summary [   0.005s] 1 test run: 1 passed, 0 skipped
2026-08-24T07:07:43.2630146Z ##[group]Run set -euo pipefail
2026-08-24T07:07:43.2630487Z set -euo pipefail
2026-08-24T07:07:43.2630879Z # Install only the requested toolchain without clobbering image defaults.
2026-08-24T07:07:43.2632192Z rustup toolchain install "${MSRV}" --profile minimal --no-self-update
2026-08-24T07:07:43.2632675Z rustup run "${MSRV}" cargo check -p "app-a" --locked
2026-08-24T07:07:43.2676034Z shell: /usr/bin/bash --noprofile --norc -e -o pipefail {0}
2026-08-24T07:07:43.2676378Z env:
2026-08-24T07:07:43.2676578Z   SCCACHE_GHA_ENABLED: false
2026-08-24T07:07:43.2676826Z   SCCACHE_CACHE_SIZE: 20G
2026-08-24T07:07:43.2677063Z   RUSTC_WRAPPER: sccache
2026-08-24T07:07:43.2677367Z   SCCACHE_PATH: /opt/hostedtoolcache/sccache/0.16.0/x64/sccache
2026-08-24T07:07:43.2677712Z   ACTIONS_CACHE_SERVICE_V2: on
2026-08-24T07:07:43.2678110Z   ACTIONS_RESULTS_URL: https://results-receiver.actions.githubusercontent.com/
2026-08-24T07:07:43.2744115Z   ACTIONS_RUNTIME_TOKEN: ***
2026-08-24T07:07:43.2744405Z   MISE_LOG_LEVEL: info
2026-08-24T07:07:43.2746798Z   MISE_GITHUB_TOKEN: ***
2026-08-24T07:07:43.2747219Z   MISE_TRUSTED_CONFIG_PATHS: /home/runner/work/velnor-actions-fixture/velnor-actions-fixture
2026-08-24T07:07:43.2747673Z   MISE_YES: 1
2026-08-24T07:07:43.2747887Z   CARGO_HOME: /home/runner/.cargo
2026-08-24T07:07:43.2748154Z   RUSTUP_HOME: /home/runner/.rustup
2026-08-24T07:07:43.2748413Z   RUSTUP_TOOLCHAIN: 1.98.0
2026-08-24T07:07:43.2748650Z   FIXTURE_PACKAGE: app-a
2026-08-24T07:07:43.2748869Z   MSRV: 1.98.0
2026-08-24T07:07:43.2749072Z ##[endgroup]
2026-08-24T07:07:43.3424759Z info: syncing channel updates for 1.98.0-x86_64-unknown-linux-gnu
2026-08-24T07:07:43.3958189Z 
2026-08-24T07:07:43.4034349Z   1.98.0-x86_64-unknown-linux-gnu unchanged - rustc 1.98.0 (88d9e12ae 2026-08-18)
2026-08-24T07:07:43.4034903Z 
2026-08-24T07:07:43.4377257Z     Checking shared v0.1.0 (/home/runner/work/velnor-actions-fixture/velnor-actions-fixture/crates/shared)
2026-08-24T07:07:43.4578919Z     Checking app-a v0.1.0 (/home/runner/work/velnor-actions-fixture/velnor-actions-fixture/crates/app-a)
2026-08-24T07:07:43.4766682Z     Finished `dev` profile [unoptimized + debuginfo] target(s) in 0.04s
2026-08-24T07:07:43.4841840Z Prepare all required actions
2026-08-24T07:07:43.4871382Z ##[group]Run ./.github/actions/check-fixture-output
2026-08-24T07:07:43.4871912Z with:
2026-08-24T07:07:43.4872155Z   package: app-a
2026-08-24T07:07:43.4872362Z env:
2026-08-24T07:07:43.4872549Z   SCCACHE_GHA_ENABLED: false
2026-08-24T07:07:43.4872790Z   SCCACHE_CACHE_SIZE: 20G
2026-08-24T07:07:43.4873015Z   RUSTC_WRAPPER: sccache
2026-08-24T07:07:43.4873315Z   SCCACHE_PATH: /opt/hostedtoolcache/sccache/0.16.0/x64/sccache
2026-08-24T07:07:43.4873655Z   ACTIONS_CACHE_SERVICE_V2: on
2026-08-24T07:07:43.4874049Z   ACTIONS_RESULTS_URL: https://results-receiver.actions.githubusercontent.com/
2026-08-24T07:07:43.4935339Z   ACTIONS_RUNTIME_TOKEN: ***
2026-08-24T07:07:43.4935614Z   MISE_LOG_LEVEL: info
2026-08-24T07:07:43.4937985Z   MISE_GITHUB_TOKEN: ***
2026-08-24T07:07:43.4938398Z   MISE_TRUSTED_CONFIG_PATHS: /home/runner/work/velnor-actions-fixture/velnor-actions-fixture
2026-08-24T07:07:43.4938843Z   MISE_YES: 1
2026-08-24T07:07:43.4939098Z   CARGO_HOME: /home/runner/.cargo
2026-08-24T07:07:43.4939362Z   RUSTUP_HOME: /home/runner/.rustup
2026-08-24T07:07:43.4939622Z   RUSTUP_TOOLCHAIN: 1.98.0
2026-08-24T07:07:43.4939851Z   FIXTURE_PACKAGE: app-a
2026-08-24T07:07:43.4940069Z ##[endgroup]
2026-08-24T07:07:43.4944506Z ##[start-action display=Run set -euo pipefail;id=__self.check]
2026-08-24T07:07:43.4958756Z ##[group]Run set -euo pipefail
2026-08-24T07:07:43.4959046Z set -euo pipefail
2026-08-24T07:07:43.4959306Z test "app-a" = "${FIXTURE_PACKAGE}"
2026-08-24T07:07:43.4959635Z test "$(fixture-tool)" = "fixture-tool-ok"
2026-08-24T07:07:43.4959976Z echo "checked=true" >> "${GITHUB_OUTPUT}"
2026-08-24T07:07:43.5004777Z shell: /usr/bin/bash --noprofile --norc -e -o pipefail {0}
2026-08-24T07:07:43.5005119Z env:
2026-08-24T07:07:43.5005315Z   SCCACHE_GHA_ENABLED: false
2026-08-24T07:07:43.5005562Z   SCCACHE_CACHE_SIZE: 20G
2026-08-24T07:07:43.5005803Z   RUSTC_WRAPPER: sccache
2026-08-24T07:07:43.5006285Z   SCCACHE_PATH: /opt/hostedtoolcache/sccache/0.16.0/x64/sccache
2026-08-24T07:07:43.5006635Z   ACTIONS_CACHE_SERVICE_V2: on
2026-08-24T07:07:43.5007031Z   ACTIONS_RESULTS_URL: https://results-receiver.actions.githubusercontent.com/
2026-08-24T07:07:43.5068209Z   ACTIONS_RUNTIME_TOKEN: ***
2026-08-24T07:07:43.5068486Z   MISE_LOG_LEVEL: info
2026-08-24T07:07:43.5070839Z   MISE_GITHUB_TOKEN: ***
2026-08-24T07:07:43.5071386Z   MISE_TRUSTED_CONFIG_PATHS: /home/runner/work/velnor-actions-fixture/velnor-actions-fixture
2026-08-24T07:07:43.5071831Z   MISE_YES: 1
2026-08-24T07:07:43.5072042Z   CARGO_HOME: /home/runner/.cargo
2026-08-24T07:07:43.5072299Z   RUSTUP_HOME: /home/runner/.rustup
2026-08-24T07:07:43.5072875Z   RUSTUP_TOOLCHAIN: 1.98.0
2026-08-24T07:07:43.5073246Z   FIXTURE_PACKAGE: app-a
2026-08-24T07:07:43.5073581Z ##[endgroup]
2026-08-24T07:07:43.5190996Z ##[end-action id=__self.check;outcome=success;conclusion=success;duration_ms=24]
2026-08-24T07:07:43.5227070Z ##[group]Run python3 .github/scripts/write-result.py "app-a" "GitHub" "out/result.json"
2026-08-24T07:07:43.5227711Z python3 .github/scripts/write-result.py "app-a" "GitHub" "out/result.json"
2026-08-24T07:07:43.5268514Z shell: /usr/bin/bash --noprofile --norc -e -o pipefail {0}
2026-08-24T07:07:43.5268855Z env:
2026-08-24T07:07:43.5269055Z   SCCACHE_GHA_ENABLED: false
2026-08-24T07:07:43.5269308Z   SCCACHE_CACHE_SIZE: 20G
2026-08-24T07:07:43.5269539Z   RUSTC_WRAPPER: sccache
2026-08-24T07:07:43.5269839Z   SCCACHE_PATH: /opt/hostedtoolcache/sccache/0.16.0/x64/sccache
2026-08-24T07:07:43.5270187Z   ACTIONS_CACHE_SERVICE_V2: on
2026-08-24T07:07:43.5270599Z   ACTIONS_RESULTS_URL: https://results-receiver.actions.githubusercontent.com/
2026-08-24T07:07:43.5332981Z   ACTIONS_RUNTIME_TOKEN: ***
2026-08-24T07:07:43.5333254Z   MISE_LOG_LEVEL: info
2026-08-24T07:07:43.5335621Z   MISE_GITHUB_TOKEN: ***
2026-08-24T07:07:43.5336053Z   MISE_TRUSTED_CONFIG_PATHS: /home/runner/work/velnor-actions-fixture/velnor-actions-fixture
2026-08-24T07:07:43.5336500Z   MISE_YES: 1
2026-08-24T07:07:43.5336708Z   CARGO_HOME: /home/runner/.cargo
2026-08-24T07:07:43.5336967Z   RUSTUP_HOME: /home/runner/.rustup
2026-08-24T07:07:43.5337235Z   RUSTUP_TOOLCHAIN: 1.98.0
2026-08-24T07:07:43.5337470Z   FIXTURE_PACKAGE: app-a
2026-08-24T07:07:43.5337690Z ##[endgroup]
2026-08-24T07:07:43.5689966Z ##[group]Run actions/upload-artifact@043fb46d1a93c77aae656e7c1c64a875d1fc6a0a
2026-08-24T07:07:43.5690379Z with:
2026-08-24T07:07:43.5690584Z   name: result-GitHub-app-a
2026-08-24T07:07:43.5690839Z   path: out/result.json
2026-08-24T07:07:43.5691072Z   if-no-files-found: warn
2026-08-24T07:07:43.5691725Z   compression-level: 6
2026-08-24T07:07:43.5692090Z   overwrite: false
2026-08-24T07:07:43.5692348Z   include-hidden-files: false
2026-08-24T07:07:43.5692591Z   archive: true
2026-08-24T07:07:43.5692785Z env:
2026-08-24T07:07:43.5692972Z   SCCACHE_GHA_ENABLED: false
2026-08-24T07:07:43.5693207Z   SCCACHE_CACHE_SIZE: 20G
2026-08-24T07:07:43.5693432Z   RUSTC_WRAPPER: sccache
2026-08-24T07:07:43.5693748Z   SCCACHE_PATH: /opt/hostedtoolcache/sccache/0.16.0/x64/sccache
2026-08-24T07:07:43.5694091Z   ACTIONS_CACHE_SERVICE_V2: on
2026-08-24T07:07:43.5694487Z   ACTIONS_RESULTS_URL: https://results-receiver.actions.githubusercontent.com/
2026-08-24T07:07:43.5755908Z   ACTIONS_RUNTIME_TOKEN: ***
2026-08-24T07:07:43.5756180Z   MISE_LOG_LEVEL: info
2026-08-24T07:07:43.5758542Z   MISE_GITHUB_TOKEN: ***
2026-08-24T07:07:43.5758956Z   MISE_TRUSTED_CONFIG_PATHS: /home/runner/work/velnor-actions-fixture/velnor-actions-fixture
2026-08-24T07:07:43.5759393Z   MISE_YES: 1
2026-08-24T07:07:43.5759602Z   CARGO_HOME: /home/runner/.cargo
2026-08-24T07:07:43.5759870Z   RUSTUP_HOME: /home/runner/.rustup
2026-08-24T07:07:43.5760127Z   RUSTUP_TOOLCHAIN: 1.98.0
2026-08-24T07:07:43.5760357Z   FIXTURE_PACKAGE: app-a
2026-08-24T07:07:43.5760574Z ##[endgroup]
2026-08-24T07:07:43.7292899Z With the provided path, there will be 1 file uploaded
2026-08-24T07:07:43.7294171Z Artifact name is valid!
2026-08-24T07:07:43.7295503Z Root directory input is valid!
2026-08-24T07:07:43.9191979Z Uploading artifact: result-GitHub-app-a.zip
2026-08-24T07:07:43.9237756Z Beginning upload of artifact content to blob storage
2026-08-24T07:07:43.9805142Z Uploaded bytes 212
2026-08-24T07:07:43.9927334Z Finished uploading artifact content to blob storage!
2026-08-24T07:07:43.9928489Z SHA256 digest of uploaded artifact is 52a714fcf7adc9d64913b0887f130308df9ca4ccea5b211e350f8f9b0a7eca80
2026-08-24T07:07:43.9929513Z Finalizing artifact upload
2026-08-24T07:07:44.1827775Z Artifact result-GitHub-app-a successfully finalized. Artifact ID 9510200003
2026-08-24T07:07:44.1829165Z Artifact result-GitHub-app-a has been successfully uploaded! Final size is 212 bytes. Artifact ID is 9510200003
2026-08-24T07:07:44.1833025Z Artifact download URL: https://github.com/tailrocks/velnor-actions-fixture/actions/runs/32700101089/artifacts/9510200003
2026-08-24T07:07:44.4727745Z Post job cleanup.
2026-08-24T07:07:44.6277726Z [command]/usr/bin/tar --posix -cf cache.tzst --exclude cache.tzst -P -C /home/runner/work/velnor-actions-fixture/velnor-actions-fixture --files-from manifest.txt --use-compress-program zstdmt
2026-08-24T07:07:44.9855123Z Sent 6595467 of 6595467 (100.0%), 34.9 MBs/sec
2026-08-24T07:07:45.0677452Z Cache saved with key: fixture-target-GitHub-Linux-compat-b211f666483b27b14ac8b50cc7a03d63b9c5951c46561001a01ceb1df280186b-46f71d3f81a731b2c4fb7b2bb0e90f73a6f062d3
2026-08-24T07:07:45.1469506Z Post job cleanup.
2026-08-24T07:07:45.2995269Z [warning]Path Validation Error: Path(s) specified in the action for caching do(es) not exist, hence no cache is being saved.
2026-08-24T07:07:45.3149832Z Post job cleanup.
2026-08-24T07:07:45.3995485Z ##[group]Get human-readable stats
2026-08-24T07:07:45.4014993Z [command]/opt/hostedtoolcache/sccache/0.16.0/x64/sccache --show-stats
2026-08-24T07:07:45.4098196Z Compile requests                     12
2026-08-24T07:07:45.4098843Z Compile requests executed             0
2026-08-24T07:07:45.4099378Z Cache hits                            0
2026-08-24T07:07:45.4099922Z Cache misses                          0
2026-08-24T07:07:45.4100433Z Cache hits rate                       -
2026-08-24T07:07:45.4100951Z Cache timeouts                        0
2026-08-24T07:07:45.4101846Z Cache read errors                     0
2026-08-24T07:07:45.4102366Z Forced recaches                       0
2026-08-24T07:07:45.4102879Z Cache write errors                    0
2026-08-24T07:07:45.4103392Z Cache errors                          0
2026-08-24T07:07:45.4103901Z Compilations                          0
2026-08-24T07:07:45.4104478Z Compilation failures                  0
2026-08-24T07:07:45.4105013Z Non-cacheable compilations            0
2026-08-24T07:07:45.4105555Z Non-cacheable calls                  12
2026-08-24T07:07:45.4106077Z Non-compilation calls                 0
2026-08-24T07:07:45.4106613Z Unsupported compiler calls            0
2026-08-24T07:07:45.4107150Z Average cache write               0.000 s
2026-08-24T07:07:45.4107707Z Average compiler                  0.000 s
2026-08-24T07:07:45.4108269Z Average cache read hit            0.000 s
2026-08-24T07:07:45.4108823Z Failed distributed compilations       0
2026-08-24T07:07:45.4109238Z 
2026-08-24T07:07:45.4109426Z Non-cacheable reasons:
2026-08-24T07:07:45.4109857Z -                                     3
2026-08-24T07:07:45.4110368Z incremental                           3
2026-08-24T07:07:45.4110887Z missing output_dir                    2
2026-08-24T07:07:45.4111630Z multiple input files                  2
2026-08-24T07:07:45.4112118Z crate-type                            1
2026-08-24T07:07:45.4112598Z missing input                         1
2026-08-24T07:07:45.4112903Z 
2026-08-24T07:07:45.4113231Z Cache location                  Local disk: "/home/runner/.cache/sccache"
2026-08-24T07:07:45.4113961Z Base directories                (none)
2026-08-24T07:07:45.4114560Z Use direct/preprocessor mode?   yes
2026-08-24T07:07:45.4115133Z Version (client)                0.16.0
2026-08-24T07:07:45.4115740Z Max cache size                       20 GiB
2026-08-24T07:07:45.4126849Z ##[endgroup]
2026-08-24T07:07:45.4135920Z ##[group]Get JSON stats
2026-08-24T07:07:45.4136860Z [command]/opt/hostedtoolcache/sccache/0.16.0/x64/sccache --show-stats --stats-format=json
2026-08-24T07:07:45.4175576Z {"stats":{"compile_requests":12,"requests_unsupported_compiler":0,"requests_not_compile":0,"requests_not_cacheable":12,"requests_executed":0,"cache_errors":{"counts":{},"adv_counts":{}},"cache_hits":{"counts":{},"adv_counts":{}},"cache_misses":{"counts":{},"adv_counts":{}},"cache_timeouts":0,"cache_read_errors":0,"non_cacheable_compilations":0,"forced_recaches":0,"cache_write_errors":0,"cache_writes":0,"cache_write_duration":{"secs":0,"nanos":0},"cache_read_hit_duration":{"secs":0,"nanos":0},"compilations":0,"compiler_write_duration":{"secs":0,"nanos":0},"compile_fails":0,"not_cached":{"missing input":1,"multiple input files":2,"crate-type":1,"missing output_dir":2,"-":3,"incremental":3},"dist_compiles":{},"dist_errors":0,"multi_level":null},"cache_location":"Local disk: \"/home/runner/.cache/sccache\"","cache_size":null,"max_cache_size":21474836480,"use_preprocessor_cache_mode":true,"version":"0.16.0","basedirs":[]}
2026-08-24T07:07:45.4181908Z ##[endgroup]
2026-08-24T07:07:45.4211046Z ##[notice]0% - 0 hits, 0 misses, 0 errors
2026-08-24T07:07:45.4223084Z 
2026-08-24T07:07:45.4223350Z Full human-readable stats:
2026-08-24T07:07:45.4223886Z Compile requests                     12
2026-08-24T07:07:45.4224457Z Compile requests executed             0
2026-08-24T07:07:45.4225020Z Cache hits                            0
2026-08-24T07:07:45.4225975Z Cache misses                          0
2026-08-24T07:07:45.4226449Z Cache hits rate                       -
2026-08-24T07:07:45.4226882Z Cache timeouts                        0
2026-08-24T07:07:45.4227364Z Cache read errors                     0
2026-08-24T07:07:45.4227824Z Forced recaches                       0
2026-08-24T07:07:45.4228282Z Cache write errors                    0
2026-08-24T07:07:45.4228752Z Cache errors                          0
2026-08-24T07:07:45.4229192Z Compilations                          0
2026-08-24T07:07:45.4229648Z Compilation failures                  0
2026-08-24T07:07:45.4230164Z Non-cacheable compilations            0
2026-08-24T07:07:45.4230653Z Non-cacheable calls                  12
2026-08-24T07:07:45.4231117Z Non-compilation calls                 0
2026-08-24T07:07:45.4231858Z Unsupported compiler calls            0
2026-08-24T07:07:45.4232339Z Average cache write               0.000 s
2026-08-24T07:07:45.4232875Z Average compiler                  0.000 s
2026-08-24T07:07:45.4233386Z Average cache read hit            0.000 s
2026-08-24T07:07:45.4233910Z Failed distributed compilations       0
2026-08-24T07:07:45.4234217Z 
2026-08-24T07:07:45.4234385Z Non-cacheable reasons:
2026-08-24T07:07:45.4234790Z -                                     3
2026-08-24T07:07:45.4235153Z incremental                           3
2026-08-24T07:07:45.4235449Z missing output_dir                    2
2026-08-24T07:07:45.4235742Z multiple input files                  2
2026-08-24T07:07:45.4236014Z crate-type                            1
2026-08-24T07:07:45.4236273Z missing input                         1
2026-08-24T07:07:45.4236453Z 
2026-08-24T07:07:45.4236637Z Cache location                  Local disk: "/home/runner/.cache/sccache"
2026-08-24T07:07:45.4237017Z Base directories                (none)
2026-08-24T07:07:45.4237307Z Use direct/preprocessor mode?   yes
2026-08-24T07:07:45.4237584Z Version (client)                0.16.0
2026-08-24T07:07:45.4237875Z Max cache size                       20 GiB
2026-08-24T07:07:45.4238068Z 
2026-08-24T07:07:45.4430415Z Post job cleanup.
2026-08-24T07:07:45.5308260Z [command]/usr/bin/git version
2026-08-24T07:07:45.5359232Z git version 2.53.0
2026-08-24T07:07:45.5408667Z Temporarily overriding HOME='/home/runner/work/_temp/8bd474b2-3a8b-4668-9359-3329d6968380' before making global git config changes
2026-08-24T07:07:45.5410033Z Adding repository directory to the temporary git global config as a safe directory
2026-08-24T07:07:45.5416917Z [command]/usr/bin/git config --global --add safe.directory /home/runner/work/velnor-actions-fixture/velnor-actions-fixture
2026-08-24T07:07:45.5458881Z Removing SSH command configuration
2026-08-24T07:07:45.5467547Z [command]/usr/bin/git config --local --name-only --get-regexp core\.sshCommand
2026-08-24T07:07:45.5515548Z [command]/usr/bin/git submodule foreach --recursive sh -c "git config --local --name-only --get-regexp 'core\.sshCommand' && git config --local --unset-all 'core.sshCommand' || :"
2026-08-24T07:07:45.5825352Z Removing HTTP extra header
2026-08-24T07:07:45.5832871Z [command]/usr/bin/git config --local --name-only --get-regexp http\.https\:\/\/github\.com\/\.extraheader
2026-08-24T07:07:45.5880590Z [command]/usr/bin/git submodule foreach --recursive sh -c "git config --local --name-only --get-regexp 'http\.https\:\/\/github\.com\/\.extraheader' && git config --local --unset-all 'http.https://github.com/.extraheader' || :"
2026-08-24T07:07:45.6210008Z Removing includeIf entries pointing to credentials config files
2026-08-24T07:07:45.6218735Z [command]/usr/bin/git config --local --name-only --get-regexp ^includeIf\.gitdir:
2026-08-24T07:07:45.6257903Z includeif.gitdir:/home/runner/work/velnor-actions-fixture/velnor-actions-fixture/.git.path
2026-08-24T07:07:45.6282656Z includeif.gitdir:/home/runner/work/velnor-actions-fixture/velnor-actions-fixture/.git/worktrees/*.path
2026-08-24T07:07:45.6284083Z includeif.gitdir:/github/workspace/.git.path
2026-08-24T07:07:45.6287394Z includeif.gitdir:/github/workspace/.git/worktrees/*.path
2026-08-24T07:07:45.6289820Z [command]/usr/bin/git config --local --get-all includeif.gitdir:/home/runner/work/velnor-actions-fixture/velnor-actions-fixture/.git.path
2026-08-24T07:07:45.6298097Z /home/runner/work/_temp/git-credentials-3cb67d87-42e3-4eb0-8ba2-bb77e63cee73.config
2026-08-24T07:07:45.6310198Z [command]/usr/bin/git config --local --unset includeif.gitdir:/home/runner/work/velnor-actions-fixture/velnor-actions-fixture/.git.path \/home\/runner\/work\/_temp\/git\-credentials\-3cb67d87\-42e3\-4eb0\-8ba2\-bb77e63cee73\.config
2026-08-24T07:07:45.6368564Z [command]/usr/bin/git config --local --get-all includeif.gitdir:/home/runner/work/velnor-actions-fixture/velnor-actions-fixture/.git/worktrees/*.path
2026-08-24T07:07:45.6413996Z /home/runner/work/_temp/git-credentials-3cb67d87-42e3-4eb0-8ba2-bb77e63cee73.config
2026-08-24T07:07:45.6438308Z [command]/usr/bin/git config --local --unset includeif.gitdir:/home/runner/work/velnor-actions-fixture/velnor-actions-fixture/.git/worktrees/*.path \/home\/runner\/work\/_temp\/git\-credentials\-3cb67d87\-42e3\-4eb0\-8ba2\-bb77e63cee73\.config
2026-08-24T07:07:45.6495687Z [command]/usr/bin/git config --local --get-all includeif.gitdir:/github/workspace/.git.path
2026-08-24T07:07:45.6536026Z /github/runner_temp/git-credentials-3cb67d87-42e3-4eb0-8ba2-bb77e63cee73.config
2026-08-24T07:07:45.6548015Z [command]/usr/bin/git config --local --unset includeif.gitdir:/github/workspace/.git.path \/github\/runner_temp\/git\-credentials\-3cb67d87\-42e3\-4eb0\-8ba2\-bb77e63cee73\.config
2026-08-24T07:07:45.6589432Z [command]/usr/bin/git config --local --get-all includeif.gitdir:/github/workspace/.git/worktrees/*.path
2026-08-24T07:07:45.6622596Z /github/runner_temp/git-credentials-3cb67d87-42e3-4eb0-8ba2-bb77e63cee73.config
2026-08-24T07:07:45.6631590Z [command]/usr/bin/git config --local --unset includeif.gitdir:/github/workspace/.git/worktrees/*.path \/github\/runner_temp\/git\-credentials\-3cb67d87\-42e3\-4eb0\-8ba2\-bb77e63cee73\.config
2026-08-24T07:07:45.6671970Z [command]/usr/bin/git submodule foreach --recursive git config --local --show-origin --name-only --get-regexp remote.origin.url
2026-08-24T07:07:45.6977197Z Removing credentials config '/home/runner/work/_temp/git-credentials-3cb67d87-42e3-4eb0-8ba2-bb77e63cee73.config'
2026-08-24T07:07:45.7129907Z Cleaning up orphan processes
2026-08-24T07:07:45.7546532Z Terminate orphan process: pid (2806) (sccache)
