2026-08-24T07:07:24.3491900Z ##[group]Set up job
2026-08-24T07:07:24.3491900Z Current runner version: 'Velnor Runner/0.1.178 (protocol: 2.335.1)'
2026-08-24T07:07:24.3491900Z ##[group]Operating System
2026-08-24T07:07:24.3491900Z Ubuntu
2026-08-24T07:07:24.3491900Z 24.04.2
2026-08-24T07:07:24.3491900Z LTS
2026-08-24T07:07:24.3491900Z ##[endgroup]
2026-08-24T07:07:24.3491900Z ##[group]Runner Image
2026-08-24T07:07:24.3491900Z Image: velnor/job-ubuntu:26.04
2026-08-24T07:07:24.3491900Z ##[endgroup]
2026-08-24T07:07:24.3491900Z ##[group]GITHUB_TOKEN Permissions
2026-08-24T07:07:24.3491900Z   Actions: read
2026-08-24T07:07:24.3491900Z   Contents: read
2026-08-24T07:07:24.3491900Z   Metadata: read
2026-08-24T07:07:24.3491900Z ##[endgroup]
2026-08-24T07:07:24.3491900Z Secret source: Actions
2026-08-24T07:07:24.3491900Z Prepare workflow directory
2026-08-24T07:07:24.3491900Z ##[group]Prepare all required actions
2026-08-24T07:07:24.3491900Z Getting action download info
2026-08-24T07:07:24.3491900Z Download action repository 'actions/checkout@3d3c42e5aac5ba805825da76410c181273ba90b1' (SHA:3d3c42e5aac5ba805825da76410c181273ba90b1)
2026-08-24T07:07:24.3491900Z Download action repository 'mozilla-actions/sccache-action@fc920bf0ec8de6ee65d409111f7ec508035751ba' (SHA:fc920bf0ec8de6ee65d409111f7ec508035751ba)
2026-08-24T07:07:24.3491900Z Download action repository 'rui314/setup-mold@9c9c13bf4c3f1adef0cc596abc155580bcb04444' (SHA:9c9c13bf4c3f1adef0cc596abc155580bcb04444)
2026-08-24T07:07:24.3491900Z Download action repository 'jdx/mise-action@3c2e0cf82a5b2e5249f0d3635a4d83d0ae861518' (SHA:3c2e0cf82a5b2e5249f0d3635a4d83d0ae861518)
2026-08-24T07:07:24.3491900Z Download action repository 'actions/cache@55cc8345863c7cc4c66a329aec7e433d2d1c52a9' (SHA:55cc8345863c7cc4c66a329aec7e433d2d1c52a9)
2026-08-24T07:07:24.3491900Z Download action repository 'actions/cache@55cc8345863c7cc4c66a329aec7e433d2d1c52a9' (SHA:55cc8345863c7cc4c66a329aec7e433d2d1c52a9)
2026-08-24T07:07:24.3491900Z Download action repository 'actions/upload-artifact@043fb46d1a93c77aae656e7c1c64a875d1fc6a0a' (SHA:043fb46d1a93c77aae656e7c1c64a875d1fc6a0a)
2026-08-24T07:07:24.3491900Z ##[endgroup]
2026-08-24T07:07:24.3491900Z Complete job name: compat (app-a, Velnor, velnor-trusted, velnor-target-mvp, true)
2026-08-24T07:07:24.3491900Z ##[endgroup]
2026-08-24T07:07:25.6985962Z ##[group]Run actions/checkout@3d3c42e5aac5ba805825da76410c181273ba90b1
2026-08-24T07:07:25.6985962Z Syncing repository: https://github.com/tailrocks/velnor-actions-fixture.git
2026-08-24T07:07:25.6985962Z Setting up ref '46f71d3f81a731b2c4fb7b2bb0e90f73a6f062d3'
2026-08-24T07:07:25.6985962Z Fetch depth: 1
2026-08-24T07:07:25.6985962Z Repository path: /var/lib/velnor-tailrocks/work/slot-7/c0f467b2-3fd9-5d5c-bc1b-742d39318078/workspace/.
2026-08-24T07:07:25.6985962Z [command]git init /var/lib/velnor-tailrocks/work/slot-7/c0f467b2-3fd9-5d5c-bc1b-742d39318078/workspace/.
2026-08-24T07:07:25.6985962Z Initialized empty Git repository in /var/lib/velnor-tailrocks/work/slot-7/c0f467b2-3fd9-5d5c-bc1b-742d39318078/workspace/.git/
2026-08-24T07:07:25.6985962Z hint: Using 'master' as the name for the initial branch. This default branch name
2026-08-24T07:07:25.6985962Z hint: is subject to change. To configure the initial branch name to use in all
2026-08-24T07:07:25.6985962Z hint: of your new repositories, which will suppress this warning, call:
2026-08-24T07:07:25.6985962Z hint:
2026-08-24T07:07:25.6985962Z hint: 	git config --global init.defaultBranch <name>
2026-08-24T07:07:25.6985962Z hint:
2026-08-24T07:07:25.6985962Z hint: Names commonly chosen instead of 'master' are 'main', 'trunk' and
2026-08-24T07:07:25.6985962Z hint: 'development'. The just-created branch can be renamed via this command:
2026-08-24T07:07:25.6985962Z hint:
2026-08-24T07:07:25.6985962Z hint: 	git branch -m <name>
2026-08-24T07:07:25.6985962Z [command]git -C /var/lib/velnor-tailrocks/work/slot-7/c0f467b2-3fd9-5d5c-bc1b-742d39318078/workspace/. remote remove origin
2026-08-24T07:07:25.6985962Z error: No such remote: 'origin'
2026-08-24T07:07:25.6985962Z [command]git -C /var/lib/velnor-tailrocks/work/slot-7/c0f467b2-3fd9-5d5c-bc1b-742d39318078/workspace/. remote add origin https://github.com/tailrocks/velnor-actions-fixture.git
2026-08-24T07:07:25.6985962Z [command]git -C /var/lib/velnor-tailrocks/work/slot-7/c0f467b2-3fd9-5d5c-bc1b-742d39318078/workspace/. -c protocol.version=2 fetch --prune --no-tags --depth=1 origin 46f71d3f81a731b2c4fb7b2bb0e90f73a6f062d3
2026-08-24T07:07:25.6985962Z From /var/cache/velnor/v1/trusted/git-mirrors/tailrocks__velnor-actions-fixture
2026-08-24T07:07:25.6985962Z  * branch            46f71d3f81a731b2c4fb7b2bb0e90f73a6f062d3 -> FETCH_HEAD
2026-08-24T07:07:25.6985962Z [command]git -C /var/lib/velnor-tailrocks/work/slot-7/c0f467b2-3fd9-5d5c-bc1b-742d39318078/workspace/. -c filter.lfs.smudge=git-lfs smudge --skip -- %f -c filter.lfs.process=git-lfs filter-process --skip -c filter.lfs.required=false checkout --force FETCH_HEAD
2026-08-24T07:07:25.6985962Z Note: switching to 'FETCH_HEAD'.
2026-08-24T07:07:25.6985962Z You are in 'detached HEAD' state. You can look around, make experimental
2026-08-24T07:07:25.6985962Z changes and commit them, and you can discard any commits you make in this
2026-08-24T07:07:25.6985962Z state without impacting any branches by switching back to a branch.
2026-08-24T07:07:25.6985962Z If you want to create a new branch to retain commits you create, you may
2026-08-24T07:07:25.6985962Z do so (now or later) by using -c with the switch command. Example:
2026-08-24T07:07:25.6985962Z   git switch -c <new-branch-name>
2026-08-24T07:07:25.6985962Z Or undo this operation with:
2026-08-24T07:07:25.6985962Z   git switch -
2026-08-24T07:07:25.6985962Z Turn off this advice by setting config variable advice.detachedHead to false
2026-08-24T07:07:25.6985962Z HEAD is now at 46f71d3 feat(ci): add control-plane corpus and align compat to sole lane selector
2026-08-24T07:07:25.6985962Z [command]git -C /var/lib/velnor-tailrocks/work/slot-7/c0f467b2-3fd9-5d5c-bc1b-742d39318078/workspace/. -c filter.lfs.smudge=git-lfs smudge --skip -- %f -c filter.lfs.process=git-lfs filter-process --skip -c filter.lfs.required=false reset --hard HEAD
2026-08-24T07:07:25.6985962Z HEAD is now at 46f71d3 feat(ci): add control-plane corpus and align compat to sole lane selector
2026-08-24T07:07:25.6985962Z [command]git -C /var/lib/velnor-tailrocks/work/slot-7/c0f467b2-3fd9-5d5c-bc1b-742d39318078/workspace/. clean -ffdx -e target/
2026-08-24T07:07:25.6985962Z [command]git -C /var/lib/velnor-tailrocks/work/slot-7/c0f467b2-3fd9-5d5c-bc1b-742d39318078/workspace/. config --local http.https://github.com/.extraheader AUTHORIZATION: ***
2026-08-24T07:07:25.6985962Z Pinned 73 file and directory mtimes to the commit timestamp (stable cargo fingerprints across jobs)
2026-08-24T07:07:25.6985962Z Checkout completed successfully
2026-08-24T07:07:25.6985962Z ##[endgroup]
2026-08-24T07:07:27.0000000Z ##[group]Run mozilla-actions/sccache-action@fc920bf0ec8de6ee65d409111f7ec508035751ba
2026-08-24T07:07:27.0000000Z with:
2026-08-24T07:07:27.0000000Z   disable_annotations: false
2026-08-24T07:07:27.0000000Z   version: v0.16.0
2026-08-24T07:07:27.0000000Z env:
2026-08-24T07:07:27.0000000Z   SCCACHE_GHA_ENABLED: false
2026-08-24T07:07:27.0000000Z   SCCACHE_CACHE_SIZE: 20G
2026-08-24T07:07:27.0000000Z   RUSTC_WRAPPER: sccache
2026-08-24T07:07:27.0000000Z ##[endgroup]
2026-08-24T07:07:27.0000000Z sccache 0.16.0
2026-08-24T07:07:27.0000000Z sccache: Starting the server...
2026-08-24T07:07:27.0000000Z sccache: Listening on address 127.0.0.1:4226
2026-08-24T07:07:27.0000000Z ##[group]Run rui314/setup-mold@9c9c13bf4c3f1adef0cc596abc155580bcb04444
2026-08-24T07:07:27.0000000Z env:
2026-08-24T07:07:27.0000000Z   SCCACHE_GHA_ENABLED: false
2026-08-24T07:07:27.0000000Z   SCCACHE_CACHE_SIZE: 20G
2026-08-24T07:07:27.0000000Z   RUSTC_WRAPPER: sccache
2026-08-24T07:07:27.0000000Z ##[endgroup]
2026-08-24T07:07:27.0000000Z mold 2.41.0 (7c4c0addcb833120bf41cc3db7b2652694e0d814; compatible with GNU ld)
2026-08-24T07:07:48.0000000Z ##[group]Run jdx/mise-action@3c2e0cf82a5b2e5249f0d3635a4d83d0ae861518
2026-08-24T07:07:48.0000000Z env:
2026-08-24T07:07:48.0000000Z   SCCACHE_GHA_ENABLED: false
2026-08-24T07:07:48.0000000Z   SCCACHE_CACHE_SIZE: 20G
2026-08-24T07:07:48.0000000Z   RUSTC_WRAPPER: sccache
2026-08-24T07:07:48.0000000Z ##[endgroup]
2026-08-24T07:07:48.0000000Z Velnor local mise cache: generation=mise-v2 cache_save=1
2026-08-24T07:07:48.0000000Z mise: reusing persisted 2026.8.3 (linux-x64) sha256=66585ac496c10bf6fbf13272e3e550c1813aed0e1cb780b9bb73c1751de49289
2026-08-24T07:07:48.0000000Z ##[group]mise install (locked)
2026-08-24T07:07:48.0000000Z cargo 1.98.0 (797e8a9bc 2026-08-05)
2026-08-24T07:07:48.0000000Z clippy 0.1.98 (88d9e12ae1 2026-08-18)
2026-08-24T07:07:48.0000000Z rustfmt 1.9.0-stable (88d9e12ae1 2026-08-18)
2026-08-24T07:07:48.0000000Z ##[endgroup]
2026-08-24T07:07:48.0000000Z mise install completed, cargo: /root/.cargo/bin/cargo
2026-08-24T07:07:48.0000000Z 2026.8.3 linux-x64 (2026-08-07)
2026-08-24T07:07:48.0000000Z mise cargo-binstall@1.22.0               [1/3] install
2026-08-24T07:07:48.0000000Z mise cargo-binstall@1.22.0               [1/3] download cargo-binstall-x86_64-unknown-linux-gnu.tgz
2026-08-24T07:07:48.0000000Z mise cargo-binstall@1.22.0               [1/3] verify GitHub artifact attestations
2026-08-24T07:07:48.0000000Z mise cargo-binstall@1.22.0               [1/3] ✓ GitHub artifact attestations verified
2026-08-24T07:07:48.0000000Z mise cargo-binstall@1.22.0               [1/3] checksum cargo-binstall-x86_64-unknown-linux-gnu.tgz
2026-08-24T07:07:48.0000000Z mise cargo-binstall@1.22.0               [2/3] extract cargo-binstall-x86_64-unknown-linux-gnu.tgz
2026-08-24T07:07:48.0000000Z mise cargo-binstall@1.22.0             ✓ installed
2026-08-24T07:07:48.0000000Z info: syncing channel updates for 1.98.0-x86_64-unknown-linux-gnu
2026-08-24T07:07:48.0000000Z info: latest update on 2026-08-20 for version 1.98.0 (88d9e12ae 2026-08-18)
2026-08-24T07:07:48.0000000Z info: downloading 6 components
2026-08-24T07:07:48.0000000Z info: component cargo is up to date
2026-08-24T07:07:48.0000000Z info: component clippy is up to date
2026-08-24T07:07:48.0000000Z info: component rustfmt is up to date
2026-08-24T07:07:48.0000000Z ##[group]Run rustup component add rustfmt clippy
2026-08-24T07:07:48.0000000Z rustup component add rustfmt clippy
2026-08-24T07:07:48.0000000Z shell: bash --noprofile --norc -e -o pipefail {0}
2026-08-24T07:07:48.0000000Z env:
2026-08-24T07:07:48.0000000Z   SCCACHE_GHA_ENABLED: false
2026-08-24T07:07:48.0000000Z   SCCACHE_CACHE_SIZE: 20G
2026-08-24T07:07:48.0000000Z   RUSTC_WRAPPER: sccache
2026-08-24T07:07:48.0000000Z   CARGO_HOME: /github/home/.cargo
2026-08-24T07:07:48.0000000Z   MISE_CACHE_DIR: /opt/mise/cache
2026-08-24T07:07:48.0000000Z   MISE_CONFIG_DIR: /opt/mise/config
2026-08-24T07:07:48.0000000Z   MISE_DATA_DIR: /opt/mise
2026-08-24T07:07:48.0000000Z   MISE_TRUSTED_CONFIG_PATHS: /__w
2026-08-24T07:07:48.0000000Z   RUSTUP_HOME: /root/.rustup
2026-08-24T07:07:48.0000000Z   RUSTUP_TOOLCHAIN: 1.98.0
2026-08-24T07:07:48.0000000Z ##[endgroup]
2026-08-24T07:07:48.0000000Z info: component rustfmt is up to date
2026-08-24T07:07:48.0000000Z info: component clippy is up to date
2026-08-24T07:07:48.0000000Z ##[group]Run actions/cache@55cc8345863c7cc4c66a329aec7e433d2d1c52a9
2026-08-24T07:07:48.0000000Z with:
2026-08-24T07:07:48.0000000Z   key: fixture-Velnor-Linux-582f8f21eba95f43ee3007b14a074dd66b405fe2f8e4c6f759b0e0eb2b28a9b1
2026-08-24T07:07:48.0000000Z   path: ~/.cargo/registry
~/.cargo/git

2026-08-24T07:07:48.0000000Z   restore-keys: fixture-Velnor-Linux-
2026-08-24T07:07:48.0000000Z env:
2026-08-24T07:07:48.0000000Z   SCCACHE_GHA_ENABLED: false
2026-08-24T07:07:48.0000000Z   SCCACHE_CACHE_SIZE: 20G
2026-08-24T07:07:48.0000000Z   RUSTC_WRAPPER: sccache
2026-08-24T07:07:48.0000000Z   CARGO_HOME: /github/home/.cargo
2026-08-24T07:07:48.0000000Z   MISE_CACHE_DIR: /opt/mise/cache
2026-08-24T07:07:48.0000000Z   MISE_CONFIG_DIR: /opt/mise/config
2026-08-24T07:07:48.0000000Z   MISE_DATA_DIR: /opt/mise
2026-08-24T07:07:48.0000000Z   MISE_TRUSTED_CONFIG_PATHS: /__w
2026-08-24T07:07:48.0000000Z   RUSTUP_HOME: /root/.rustup
2026-08-24T07:07:48.0000000Z   RUSTUP_TOOLCHAIN: 1.98.0
2026-08-24T07:07:48.0000000Z ##[endgroup]
2026-08-24T07:07:48.0000000Z Cache paths live on Velnor host-persistent storage (always warm)
2026-08-24T07:07:48.0000000Z Cache path: ~/.cargo/registry
2026-08-24T07:07:48.0000000Z ~/.cargo/git
2026-08-24T07:07:48.0000000Z 
2026-08-24T07:07:48.0000000Z ##[group]Cache Cargo target
2026-08-24T07:07:48.0000000Z with:
2026-08-24T07:07:48.0000000Z   key: fixture-target-Velnor-Linux---**/Cargo.toml
2026-08-24T07:07:48.0000000Z   path: target
2026-08-24T07:07:48.0000000Z   restore-keys: fixture-target-Velnor-Linux---
2026-08-24T07:07:48.0000000Z env:
2026-08-24T07:07:48.0000000Z   SCCACHE_GHA_ENABLED: false
2026-08-24T07:07:48.0000000Z   SCCACHE_CACHE_SIZE: 20G
2026-08-24T07:07:48.0000000Z   RUSTC_WRAPPER: sccache
2026-08-24T07:07:48.0000000Z   CARGO_HOME: /github/home/.cargo
2026-08-24T07:07:48.0000000Z   MISE_CACHE_DIR: /opt/mise/cache
2026-08-24T07:07:48.0000000Z   MISE_CONFIG_DIR: /opt/mise/config
2026-08-24T07:07:48.0000000Z   MISE_DATA_DIR: /opt/mise
2026-08-24T07:07:48.0000000Z   MISE_TRUSTED_CONFIG_PATHS: /__w
2026-08-24T07:07:48.0000000Z   RUSTUP_HOME: /root/.rustup
2026-08-24T07:07:48.0000000Z   RUSTUP_TOOLCHAIN: 1.98.0
2026-08-24T07:07:48.0000000Z ##[endgroup]
2026-08-24T07:07:48.0000000Z Cache paths live on Velnor host-persistent storage (always warm)
2026-08-24T07:07:48.0000000Z Cache path: target
2026-08-24T07:07:48.0000000Z ##[group]Run set -euo pipefail
2026-08-24T07:07:48.0000000Z set -euo pipefail
2026-08-24T07:07:48.0000000Z pkg="crates/app-a/Cargo.toml"
2026-08-24T07:07:48.0000000Z version="$(grep -E '^rust-version\s*=' "$pkg" | head -1 | sed 's/.*= *"\(.*\)"/\1/' || true)"
2026-08-24T07:07:48.0000000Z if [[ -z "${version}" ]]; then
2026-08-24T07:07:48.0000000Z   version="$(grep -E '^rust-version\s*=' Cargo.toml | head -1 | sed 's/.*= *"\(.*\)"/\1/' || true)"
2026-08-24T07:07:48.0000000Z fi
2026-08-24T07:07:48.0000000Z if [[ -z "${version}" ]]; then
2026-08-24T07:07:48.0000000Z   version="$(rustc -vV | sed -n 's/^release: \([0-9]*\.[0-9]*\.[0-9]*\).*/\1/p')"
2026-08-24T07:07:48.0000000Z fi
2026-08-24T07:07:48.0000000Z echo "version=${version}" >> "${GITHUB_OUTPUT}"
2026-08-24T07:07:48.0000000Z shell: bash --noprofile --norc -e -o pipefail {0}
2026-08-24T07:07:48.0000000Z env:
2026-08-24T07:07:48.0000000Z   SCCACHE_GHA_ENABLED: false
2026-08-24T07:07:48.0000000Z   SCCACHE_CACHE_SIZE: 20G
2026-08-24T07:07:48.0000000Z   RUSTC_WRAPPER: sccache
2026-08-24T07:07:48.0000000Z   CARGO_HOME: /github/home/.cargo
2026-08-24T07:07:48.0000000Z   MISE_CACHE_DIR: /opt/mise/cache
2026-08-24T07:07:48.0000000Z   MISE_CONFIG_DIR: /opt/mise/config
2026-08-24T07:07:48.0000000Z   MISE_DATA_DIR: /opt/mise
2026-08-24T07:07:48.0000000Z   MISE_TRUSTED_CONFIG_PATHS: /__w
2026-08-24T07:07:48.0000000Z   RUSTUP_HOME: /root/.rustup
2026-08-24T07:07:48.0000000Z   RUSTUP_TOOLCHAIN: 1.98.0
2026-08-24T07:07:48.0000000Z ##[endgroup]
2026-08-24T07:07:48.0000000Z ##[group]Run set -euo pipefail
2026-08-24T07:07:48.0000000Z set -euo pipefail
2026-08-24T07:07:48.0000000Z echo "FIXTURE_PACKAGE=${PACKAGE}" >> "${GITHUB_ENV}"
2026-08-24T07:07:48.0000000Z echo "package=${PACKAGE}" >> "${GITHUB_OUTPUT}"
2026-08-24T07:07:48.0000000Z echo "lane=${LANE}" >> "${GITHUB_OUTPUT}"
2026-08-24T07:07:48.0000000Z echo "setup-state=complete" >> "${GITHUB_STATE}"
2026-08-24T07:07:48.0000000Z # Multiline heredoc output — matches ChainArgos bake-targets pattern
2026-08-24T07:07:48.0000000Z printf 'packages<<EOF\n%s\n%s\nEOF\n' "app-a" "app-b" >> "${GITHUB_OUTPUT}"
2026-08-24T07:07:48.0000000Z mkdir -p "${HOME}/.local/bin"
2026-08-24T07:07:48.0000000Z printf '%s\n' '#!/usr/bin/env bash' 'echo fixture-tool-ok' > "${HOME}/.local/bin/fixture-tool"
2026-08-24T07:07:48.0000000Z chmod +x "${HOME}/.local/bin/fixture-tool"
2026-08-24T07:07:48.0000000Z echo "${HOME}/.local/bin" >> "${GITHUB_PATH}"
2026-08-24T07:07:48.0000000Z echo "### ${LANE} ${PACKAGE}" >> "${GITHUB_STEP_SUMMARY}"
2026-08-24T07:07:48.0000000Z shell: bash --noprofile --norc -e -o pipefail {0}
2026-08-24T07:07:48.0000000Z env:
2026-08-24T07:07:48.0000000Z   SCCACHE_GHA_ENABLED: false
2026-08-24T07:07:48.0000000Z   SCCACHE_CACHE_SIZE: 20G
2026-08-24T07:07:48.0000000Z   RUSTC_WRAPPER: sccache
2026-08-24T07:07:48.0000000Z   CARGO_HOME: /github/home/.cargo
2026-08-24T07:07:48.0000000Z   MISE_CACHE_DIR: /opt/mise/cache
2026-08-24T07:07:48.0000000Z   MISE_CONFIG_DIR: /opt/mise/config
2026-08-24T07:07:48.0000000Z   MISE_DATA_DIR: /opt/mise
2026-08-24T07:07:48.0000000Z   MISE_TRUSTED_CONFIG_PATHS: /__w
2026-08-24T07:07:48.0000000Z   RUSTUP_HOME: /root/.rustup
2026-08-24T07:07:48.0000000Z   RUSTUP_TOOLCHAIN: 1.98.0
2026-08-24T07:07:48.0000000Z   PACKAGE: app-a
2026-08-24T07:07:48.0000000Z   LANE: Velnor
2026-08-24T07:07:48.0000000Z ##[endgroup]
2026-08-24T07:07:48.0000000Z ##[group]Run just fmt-check
2026-08-24T07:07:48.0000000Z just fmt-check
2026-08-24T07:07:48.0000000Z shell: bash --noprofile --norc -e -o pipefail {0}
2026-08-24T07:07:48.0000000Z env:
2026-08-24T07:07:48.0000000Z   SCCACHE_GHA_ENABLED: false
2026-08-24T07:07:48.0000000Z   SCCACHE_CACHE_SIZE: 20G
2026-08-24T07:07:48.0000000Z   RUSTC_WRAPPER: sccache
2026-08-24T07:07:48.0000000Z   CARGO_HOME: /github/home/.cargo
2026-08-24T07:07:48.0000000Z   MISE_CACHE_DIR: /opt/mise/cache
2026-08-24T07:07:48.0000000Z   MISE_CONFIG_DIR: /opt/mise/config
2026-08-24T07:07:48.0000000Z   MISE_DATA_DIR: /opt/mise
2026-08-24T07:07:48.0000000Z   MISE_TRUSTED_CONFIG_PATHS: /__w
2026-08-24T07:07:48.0000000Z   RUSTUP_HOME: /root/.rustup
2026-08-24T07:07:48.0000000Z   RUSTUP_TOOLCHAIN: 1.98.0
2026-08-24T07:07:48.0000000Z   FIXTURE_PACKAGE: app-a
2026-08-24T07:07:48.0000000Z ##[endgroup]
2026-08-24T07:07:48.0000000Z cargo fmt --check
2026-08-24T07:07:48.0000000Z ##[group]Run just clippy "app-a"
2026-08-24T07:07:48.0000000Z just clippy "app-a"
2026-08-24T07:07:48.0000000Z shell: bash --noprofile --norc -e -o pipefail {0}
2026-08-24T07:07:48.0000000Z env:
2026-08-24T07:07:48.0000000Z   SCCACHE_GHA_ENABLED: false
2026-08-24T07:07:48.0000000Z   SCCACHE_CACHE_SIZE: 20G
2026-08-24T07:07:48.0000000Z   RUSTC_WRAPPER: sccache
2026-08-24T07:07:48.0000000Z   CARGO_HOME: /github/home/.cargo
2026-08-24T07:07:48.0000000Z   MISE_CACHE_DIR: /opt/mise/cache
2026-08-24T07:07:48.0000000Z   MISE_CONFIG_DIR: /opt/mise/config
2026-08-24T07:07:48.0000000Z   MISE_DATA_DIR: /opt/mise
2026-08-24T07:07:48.0000000Z   MISE_TRUSTED_CONFIG_PATHS: /__w
2026-08-24T07:07:48.0000000Z   RUSTUP_HOME: /root/.rustup
2026-08-24T07:07:48.0000000Z   RUSTUP_TOOLCHAIN: 1.98.0
2026-08-24T07:07:48.0000000Z   FIXTURE_PACKAGE: app-a
2026-08-24T07:07:48.0000000Z ##[endgroup]
2026-08-24T07:07:48.0000000Z cargo clippy -p "app-a" -- -D warnings
2026-08-24T07:07:48.0000000Z     Checking shared v0.1.0 (/__w/crates/shared)
2026-08-24T07:07:48.0000000Z     Checking app-a v0.1.0 (/__w/crates/app-a)
2026-08-24T07:07:48.0000000Z     Finished `dev` profile [unoptimized + debuginfo] target(s) in 0.18s
2026-08-24T07:07:49.0000000Z ##[group]Run just nextest "app-a"
2026-08-24T07:07:49.0000000Z just nextest "app-a"
2026-08-24T07:07:49.0000000Z shell: bash --noprofile --norc -e -o pipefail {0}
2026-08-24T07:07:49.0000000Z env:
2026-08-24T07:07:49.0000000Z   SCCACHE_GHA_ENABLED: false
2026-08-24T07:07:49.0000000Z   SCCACHE_CACHE_SIZE: 20G
2026-08-24T07:07:49.0000000Z   RUSTC_WRAPPER: sccache
2026-08-24T07:07:49.0000000Z   CARGO_HOME: /github/home/.cargo
2026-08-24T07:07:49.0000000Z   MISE_CACHE_DIR: /opt/mise/cache
2026-08-24T07:07:49.0000000Z   MISE_CONFIG_DIR: /opt/mise/config
2026-08-24T07:07:49.0000000Z   MISE_DATA_DIR: /opt/mise
2026-08-24T07:07:49.0000000Z   MISE_TRUSTED_CONFIG_PATHS: /__w
2026-08-24T07:07:49.0000000Z   RUSTUP_HOME: /root/.rustup
2026-08-24T07:07:49.0000000Z   RUSTUP_TOOLCHAIN: 1.98.0
2026-08-24T07:07:49.0000000Z   FIXTURE_PACKAGE: app-a
2026-08-24T07:07:49.0000000Z ##[endgroup]
2026-08-24T07:07:49.0000000Z cargo nextest run --locked -p "app-a"
2026-08-24T07:07:49.0000000Z    Compiling shared v0.1.0 (/__w/crates/shared)
2026-08-24T07:07:49.0000000Z    Compiling app-a v0.1.0 (/__w/crates/app-a)
2026-08-24T07:07:49.0000000Z     Finished `test` profile [unoptimized + debuginfo] target(s) in 0.17s
2026-08-24T07:07:49.0000000Z ────────────
2026-08-24T07:07:49.0000000Z  Nextest run ID bfc108f5-4793-4c2c-b860-44963345d82f with nextest profile: default
2026-08-24T07:07:49.0000000Z     Starting 1 test across 1 binary
2026-08-24T07:07:49.0000000Z         PASS [   0.003s] (1/1) app-a::bin/app-a tests::prints_expected_label
2026-08-24T07:07:49.0000000Z ────────────
2026-08-24T07:07:49.0000000Z      Summary [   0.003s] 1 test run: 1 passed, 0 skipped
2026-08-24T07:07:49.0000000Z ##[group]Check MSRV
2026-08-24T07:07:49.0000000Z set -euo pipefail
2026-08-24T07:07:49.0000000Z # Install only the requested toolchain without clobbering image defaults.
2026-08-24T07:07:49.0000000Z rustup toolchain install "${MSRV}" --profile minimal --no-self-update
2026-08-24T07:07:49.0000000Z rustup run "${MSRV}" cargo check -p "app-a" --locked
2026-08-24T07:07:49.0000000Z shell: bash --noprofile --norc -e -o pipefail {0}
2026-08-24T07:07:49.0000000Z env:
2026-08-24T07:07:49.0000000Z   SCCACHE_GHA_ENABLED: false
2026-08-24T07:07:49.0000000Z   SCCACHE_CACHE_SIZE: 20G
2026-08-24T07:07:49.0000000Z   RUSTC_WRAPPER: sccache
2026-08-24T07:07:49.0000000Z   CARGO_HOME: /github/home/.cargo
2026-08-24T07:07:49.0000000Z   MISE_CACHE_DIR: /opt/mise/cache
2026-08-24T07:07:49.0000000Z   MISE_CONFIG_DIR: /opt/mise/config
2026-08-24T07:07:49.0000000Z   MISE_DATA_DIR: /opt/mise
2026-08-24T07:07:49.0000000Z   MISE_TRUSTED_CONFIG_PATHS: /__w
2026-08-24T07:07:49.0000000Z   RUSTUP_HOME: /root/.rustup
2026-08-24T07:07:49.0000000Z   RUSTUP_TOOLCHAIN: 1.98.0
2026-08-24T07:07:49.0000000Z   FIXTURE_PACKAGE: app-a
2026-08-24T07:07:49.0000000Z   MSRV: 1.98.0
2026-08-24T07:07:49.0000000Z ##[endgroup]
2026-08-24T07:07:49.0000000Z 
2026-08-24T07:07:49.0000000Z   1.98.0-x86_64-unknown-linux-gnu unchanged - rustc 1.98.0 (88d9e12ae 2026-08-18)
2026-08-24T07:07:49.0000000Z 
2026-08-24T07:07:49.0000000Z info: syncing channel updates for 1.98.0-x86_64-unknown-linux-gnu
2026-08-24T07:07:49.0000000Z     Checking shared v0.1.0 (/__w/crates/shared)
2026-08-24T07:07:49.0000000Z     Checking app-a v0.1.0 (/__w/crates/app-a)
2026-08-24T07:07:49.0000000Z     Finished `dev` profile [unoptimized + debuginfo] target(s) in 0.04s
2026-08-24T07:07:49.0000000Z ##[group]Run ./.github/actions/check-fixture-output
2026-08-24T07:07:49.0000000Z with:
2026-08-24T07:07:49.0000000Z   package: app-a
2026-08-24T07:07:49.0000000Z env:
2026-08-24T07:07:49.0000000Z   SCCACHE_GHA_ENABLED: false
2026-08-24T07:07:49.0000000Z   SCCACHE_CACHE_SIZE: 20G
2026-08-24T07:07:49.0000000Z   RUSTC_WRAPPER: sccache
2026-08-24T07:07:49.0000000Z   CARGO_HOME: /github/home/.cargo
2026-08-24T07:07:49.0000000Z   MISE_CACHE_DIR: /opt/mise/cache
2026-08-24T07:07:49.0000000Z   MISE_CONFIG_DIR: /opt/mise/config
2026-08-24T07:07:49.0000000Z   MISE_DATA_DIR: /opt/mise
2026-08-24T07:07:49.0000000Z   MISE_TRUSTED_CONFIG_PATHS: /__w
2026-08-24T07:07:49.0000000Z   RUSTUP_HOME: /root/.rustup
2026-08-24T07:07:49.0000000Z   RUSTUP_TOOLCHAIN: 1.98.0
2026-08-24T07:07:49.0000000Z   FIXTURE_PACKAGE: app-a
2026-08-24T07:07:49.0000000Z ##[endgroup]
2026-08-24T07:07:49.0000000Z ##[group]Run set -euo pipefail
2026-08-24T07:07:49.0000000Z set -euo pipefail
2026-08-24T07:07:49.0000000Z test "app-a" = "${FIXTURE_PACKAGE}"
2026-08-24T07:07:49.0000000Z test "$(fixture-tool)" = "fixture-tool-ok"
2026-08-24T07:07:49.0000000Z echo "checked=true" >> "${GITHUB_OUTPUT}"
2026-08-24T07:07:49.0000000Z shell: bash --noprofile --norc -e -o pipefail {0}
2026-08-24T07:07:49.0000000Z env:
2026-08-24T07:07:49.0000000Z   SCCACHE_GHA_ENABLED: false
2026-08-24T07:07:49.0000000Z   SCCACHE_CACHE_SIZE: 20G
2026-08-24T07:07:49.0000000Z   RUSTC_WRAPPER: sccache
2026-08-24T07:07:49.0000000Z   CARGO_HOME: /github/home/.cargo
2026-08-24T07:07:49.0000000Z   MISE_CACHE_DIR: /opt/mise/cache
2026-08-24T07:07:49.0000000Z   MISE_CONFIG_DIR: /opt/mise/config
2026-08-24T07:07:49.0000000Z   MISE_DATA_DIR: /opt/mise
2026-08-24T07:07:49.0000000Z   MISE_TRUSTED_CONFIG_PATHS: /__w
2026-08-24T07:07:49.0000000Z   RUSTUP_HOME: /root/.rustup
2026-08-24T07:07:49.0000000Z   RUSTUP_TOOLCHAIN: 1.98.0
2026-08-24T07:07:49.0000000Z   FIXTURE_PACKAGE: app-a
2026-08-24T07:07:49.0000000Z   GITHUB_ACTION_PATH: /__w/.github/actions/check-fixture-output
2026-08-24T07:07:49.0000000Z ##[endgroup]
2026-08-24T07:07:49.0000000Z ##[group]Run python3 .github/scripts/write-result.py "app-a" "Velnor" "out/result.json"
2026-08-24T07:07:49.0000000Z python3 .github/scripts/write-result.py "app-a" "Velnor" "out/result.json"
2026-08-24T07:07:49.0000000Z shell: bash --noprofile --norc -e -o pipefail {0}
2026-08-24T07:07:49.0000000Z env:
2026-08-24T07:07:49.0000000Z   SCCACHE_GHA_ENABLED: false
2026-08-24T07:07:49.0000000Z   SCCACHE_CACHE_SIZE: 20G
2026-08-24T07:07:49.0000000Z   RUSTC_WRAPPER: sccache
2026-08-24T07:07:49.0000000Z   CARGO_HOME: /github/home/.cargo
2026-08-24T07:07:49.0000000Z   MISE_CACHE_DIR: /opt/mise/cache
2026-08-24T07:07:49.0000000Z   MISE_CONFIG_DIR: /opt/mise/config
2026-08-24T07:07:49.0000000Z   MISE_DATA_DIR: /opt/mise
2026-08-24T07:07:49.0000000Z   MISE_TRUSTED_CONFIG_PATHS: /__w
2026-08-24T07:07:49.0000000Z   RUSTUP_HOME: /root/.rustup
2026-08-24T07:07:49.0000000Z   RUSTUP_TOOLCHAIN: 1.98.0
2026-08-24T07:07:49.0000000Z   FIXTURE_PACKAGE: app-a
2026-08-24T07:07:49.0000000Z ##[endgroup]
2026-08-24T07:07:51.0000000Z ##[group]Run actions/upload-artifact@043fb46d1a93c77aae656e7c1c64a875d1fc6a0a
2026-08-24T07:07:51.0000000Z with:
2026-08-24T07:07:51.0000000Z   name: result-Velnor-app-a
2026-08-24T07:07:51.0000000Z   path: out/result.json
2026-08-24T07:07:51.0000000Z env:
2026-08-24T07:07:51.0000000Z   SCCACHE_GHA_ENABLED: false
2026-08-24T07:07:51.0000000Z   SCCACHE_CACHE_SIZE: 20G
2026-08-24T07:07:51.0000000Z   RUSTC_WRAPPER: sccache
2026-08-24T07:07:51.0000000Z   CARGO_HOME: /github/home/.cargo
2026-08-24T07:07:51.0000000Z   MISE_CACHE_DIR: /opt/mise/cache
2026-08-24T07:07:51.0000000Z   MISE_CONFIG_DIR: /opt/mise/config
2026-08-24T07:07:51.0000000Z   MISE_DATA_DIR: /opt/mise
2026-08-24T07:07:51.0000000Z   MISE_TRUSTED_CONFIG_PATHS: /__w
2026-08-24T07:07:51.0000000Z   RUSTUP_HOME: /root/.rustup
2026-08-24T07:07:51.0000000Z   RUSTUP_TOOLCHAIN: 1.98.0
2026-08-24T07:07:51.0000000Z   FIXTURE_PACKAGE: app-a
2026-08-24T07:07:51.0000000Z ##[endgroup]
2026-08-24T07:07:51.0000000Z Uploaded artifact 'result-Velnor-app-a' with 1 path(s)
2026-08-24T07:07:51.0000000Z ##[group]Post Cache Cargo target
2026-08-24T07:07:51.0000000Z with:
2026-08-24T07:07:51.0000000Z   key: fixture-target-Velnor-Linux---**/Cargo.toml
2026-08-24T07:07:51.0000000Z   path: target
2026-08-24T07:07:51.0000000Z   restore-keys: fixture-target-Velnor-Linux---
2026-08-24T07:07:51.0000000Z env:
2026-08-24T07:07:51.0000000Z   SCCACHE_GHA_ENABLED: false
2026-08-24T07:07:51.0000000Z   SCCACHE_CACHE_SIZE: 20G
2026-08-24T07:07:51.0000000Z   RUSTC_WRAPPER: sccache
2026-08-24T07:07:51.0000000Z   CARGO_HOME: /github/home/.cargo
2026-08-24T07:07:51.0000000Z   MISE_CACHE_DIR: /opt/mise/cache
2026-08-24T07:07:51.0000000Z   MISE_CONFIG_DIR: /opt/mise/config
2026-08-24T07:07:51.0000000Z   MISE_DATA_DIR: /opt/mise
2026-08-24T07:07:51.0000000Z   MISE_TRUSTED_CONFIG_PATHS: /__w
2026-08-24T07:07:51.0000000Z   RUSTUP_HOME: /root/.rustup
2026-08-24T07:07:51.0000000Z   RUSTUP_TOOLCHAIN: 1.98.0
2026-08-24T07:07:51.0000000Z   FIXTURE_PACKAGE: app-a
2026-08-24T07:07:51.0000000Z ##[endgroup]
2026-08-24T07:07:51.0000000Z Cache paths live on Velnor host-persistent storage (always warm); nothing to save for key 'fixture-target-Velnor-Linux---**/Cargo.toml'
2026-08-24T07:07:51.0000000Z ##[group]Post Run actions/cache@55cc8345863c7cc4c66a329aec7e433d2d1c52a9
2026-08-24T07:07:51.0000000Z with:
2026-08-24T07:07:51.0000000Z   key: fixture-Velnor-Linux-582f8f21eba95f43ee3007b14a074dd66b405fe2f8e4c6f759b0e0eb2b28a9b1
2026-08-24T07:07:51.0000000Z   path: ~/.cargo/registry
~/.cargo/git

2026-08-24T07:07:51.0000000Z   restore-keys: fixture-Velnor-Linux-
2026-08-24T07:07:51.0000000Z env:
2026-08-24T07:07:51.0000000Z   SCCACHE_GHA_ENABLED: false
2026-08-24T07:07:51.0000000Z   SCCACHE_CACHE_SIZE: 20G
2026-08-24T07:07:51.0000000Z   RUSTC_WRAPPER: sccache
2026-08-24T07:07:51.0000000Z   CARGO_HOME: /github/home/.cargo
2026-08-24T07:07:51.0000000Z   MISE_CACHE_DIR: /opt/mise/cache
2026-08-24T07:07:51.0000000Z   MISE_CONFIG_DIR: /opt/mise/config
2026-08-24T07:07:51.0000000Z   MISE_DATA_DIR: /opt/mise
2026-08-24T07:07:51.0000000Z   MISE_TRUSTED_CONFIG_PATHS: /__w
2026-08-24T07:07:51.0000000Z   RUSTUP_HOME: /root/.rustup
2026-08-24T07:07:51.0000000Z   RUSTUP_TOOLCHAIN: 1.98.0
2026-08-24T07:07:51.0000000Z   FIXTURE_PACKAGE: app-a
2026-08-24T07:07:51.0000000Z ##[endgroup]
2026-08-24T07:07:51.0000000Z Cache paths live on Velnor host-persistent storage (always warm); nothing to save for key 'fixture-Velnor-Linux-582f8f21eba95f43ee3007b14a074dd66b405fe2f8e4c6f759b0e0eb2b28a9b1'
2026-08-24T07:07:51.0000000Z ##[group]Post Run mozilla-actions/sccache-action@fc920bf0ec8de6ee65d409111f7ec508035751ba
2026-08-24T07:07:51.0000000Z with:
2026-08-24T07:07:51.0000000Z   disable_annotations: false
2026-08-24T07:07:51.0000000Z   version: v0.16.0
2026-08-24T07:07:51.0000000Z env:
2026-08-24T07:07:51.0000000Z   SCCACHE_GHA_ENABLED: false
2026-08-24T07:07:51.0000000Z   SCCACHE_CACHE_SIZE: 20G
2026-08-24T07:07:51.0000000Z   RUSTC_WRAPPER: sccache
2026-08-24T07:07:51.0000000Z   CARGO_HOME: /github/home/.cargo
2026-08-24T07:07:51.0000000Z   MISE_CACHE_DIR: /opt/mise/cache
2026-08-24T07:07:51.0000000Z   MISE_CONFIG_DIR: /opt/mise/config
2026-08-24T07:07:51.0000000Z   MISE_DATA_DIR: /opt/mise
2026-08-24T07:07:51.0000000Z   MISE_TRUSTED_CONFIG_PATHS: /__w
2026-08-24T07:07:51.0000000Z   RUSTUP_HOME: /root/.rustup
2026-08-24T07:07:51.0000000Z   RUSTUP_TOOLCHAIN: 1.98.0
2026-08-24T07:07:51.0000000Z   FIXTURE_PACKAGE: app-a
2026-08-24T07:07:51.0000000Z ##[endgroup]
2026-08-24T07:07:51.0000000Z Compile requests                      13
2026-08-24T07:07:51.0000000Z Compile requests executed              2
2026-08-24T07:07:51.0000000Z Cache hits                             2
2026-08-24T07:07:51.0000000Z Cache hits (Rust)                      2
2026-08-24T07:07:51.0000000Z Cache misses                           0
2026-08-24T07:07:51.0000000Z Cache hits rate                   100.00 %
2026-08-24T07:07:51.0000000Z Cache hits rate (Rust)            100.00 %
2026-08-24T07:07:51.0000000Z Cache timeouts                         0
2026-08-24T07:07:51.0000000Z Cache read errors                      0
2026-08-24T07:07:51.0000000Z Forced recaches                        0
2026-08-24T07:07:51.0000000Z Cache write errors                     0
2026-08-24T07:07:51.0000000Z Cache errors                           0
2026-08-24T07:07:51.0000000Z Compilations                           0
2026-08-24T07:07:51.0000000Z Compilation failures                   0
2026-08-24T07:07:51.0000000Z Non-cacheable compilations             0
2026-08-24T07:07:51.0000000Z Non-cacheable calls                   11
2026-08-24T07:07:51.0000000Z Non-compilation calls                  0
2026-08-24T07:07:51.0000000Z Unsupported compiler calls             0
2026-08-24T07:07:51.0000000Z Average cache write                0.000 s
2026-08-24T07:07:51.0000000Z Average compiler                   0.000 s
2026-08-24T07:07:51.0000000Z Average cache read hit             0.036 s
2026-08-24T07:07:51.0000000Z Failed distributed compilations        0
2026-08-24T07:07:51.0000000Z 
2026-08-24T07:07:51.0000000Z Non-cacheable reasons:
2026-08-24T07:07:51.0000000Z -                                      4
2026-08-24T07:07:51.0000000Z crate-type                             2
2026-08-24T07:07:51.0000000Z missing output_dir                     2
2026-08-24T07:07:51.0000000Z multiple input files                   2
2026-08-24T07:07:51.0000000Z missing input                          1
2026-08-24T07:07:51.0000000Z 
2026-08-24T07:07:51.0000000Z Cache location                  Local disk: "/var/cache/sccache"
2026-08-24T07:07:51.0000000Z Base directories                /__w/, /github/home/
2026-08-24T07:07:51.0000000Z Use direct/preprocessor mode?   yes
2026-08-24T07:07:51.0000000Z Version (client)                0.16.0
2026-08-24T07:07:51.0000000Z Cache size                            20 GiB
2026-08-24T07:07:51.0000000Z Max cache size                        20 GiB
2026-08-24T07:07:51.0000000Z Stopping sccache server...
2026-08-24T07:07:51.0000000Z Compile requests                      13
2026-08-24T07:07:51.0000000Z Compile requests executed              2
2026-08-24T07:07:51.0000000Z Cache hits                             2
2026-08-24T07:07:51.0000000Z Cache hits (Rust)                      2
2026-08-24T07:07:51.0000000Z Cache misses                           0
2026-08-24T07:07:51.0000000Z Cache hits rate                   100.00 %
2026-08-24T07:07:51.0000000Z Cache hits rate (Rust)            100.00 %
2026-08-24T07:07:51.0000000Z Cache timeouts                         0
2026-08-24T07:07:51.0000000Z Cache read errors                      0
2026-08-24T07:07:51.0000000Z Forced recaches                        0
2026-08-24T07:07:51.0000000Z Cache write errors                     0
2026-08-24T07:07:51.0000000Z Cache errors                           0
2026-08-24T07:07:51.0000000Z Compilations                           0
2026-08-24T07:07:51.0000000Z Compilation failures                   0
2026-08-24T07:07:51.0000000Z Non-cacheable compilations             0
2026-08-24T07:07:51.0000000Z Non-cacheable calls                   11
2026-08-24T07:07:51.0000000Z Non-compilation calls                  0
2026-08-24T07:07:51.0000000Z Unsupported compiler calls             0
2026-08-24T07:07:51.0000000Z Average cache write                0.000 s
2026-08-24T07:07:51.0000000Z Average compiler                   0.000 s
2026-08-24T07:07:51.0000000Z Average cache read hit             0.036 s
2026-08-24T07:07:51.0000000Z Failed distributed compilations        0
2026-08-24T07:07:51.0000000Z 
2026-08-24T07:07:51.0000000Z Non-cacheable reasons:
2026-08-24T07:07:51.0000000Z -                                      4
2026-08-24T07:07:51.0000000Z crate-type                             2
2026-08-24T07:07:51.0000000Z missing output_dir                     2
2026-08-24T07:07:51.0000000Z multiple input files                   2
2026-08-24T07:07:51.0000000Z missing input                          1
2026-08-24T07:07:51.0000000Z 
2026-08-24T07:07:51.0000000Z Cache location                  Local disk: "/var/cache/sccache"
2026-08-24T07:07:51.0000000Z Base directories                /__w/, /github/home/
2026-08-24T07:07:51.0000000Z Use direct/preprocessor mode?   yes
2026-08-24T07:07:51.0000000Z Version (client)                0.16.0
2026-08-24T07:07:51.0000000Z Cache size                            20 GiB
2026-08-24T07:07:51.0000000Z Max cache size                        20 GiB
2026-08-24T07:07:51.1111153Z ##[group]Post Run actions/checkout@3d3c42e5aac5ba805825da76410c181273ba90b1
2026-08-24T07:07:51.1111153Z [command]git -C /var/lib/velnor-tailrocks/work/slot-7/c0f467b2-3fd9-5d5c-bc1b-742d39318078/workspace/. config --local --unset-all http.https://github.com/.extraheader
2026-08-24T07:07:51.1111153Z ##[endgroup]
2026-08-24T07:07:51.1111259Z ##[group]Post-job cleanup
2026-08-24T07:07:51.1111259Z Stop job container
2026-08-24T07:07:51.1111259Z Remove per-job network
2026-08-24T07:07:51.1111259Z Clean work directory
2026-08-24T07:07:51.1111259Z Recycle runner slot
2026-08-24T07:07:51.1111259Z ##[endgroup]
