2026-08-24T07:08:28.9276135Z Current runner version: '2.336.0'
2026-08-24T07:08:28.9301718Z ##[group]Runner Image Provisioner
2026-08-24T07:08:28.9302717Z Hosted Compute Agent
2026-08-24T07:08:28.9303349Z Version: 20260729.566
2026-08-24T07:08:28.9304076Z Commit: cf7153fe6e25b664e8693c24944bf2b00355d109
2026-08-24T07:08:28.9304811Z Build Date: 2026-07-29T19:17:02Z
2026-08-24T07:08:28.9305515Z Worker ID: {7c801895-23f9-4b8d-b2ab-6bc19698e0e0}
2026-08-24T07:08:28.9306291Z Azure Region: westus3
2026-08-24T07:08:28.9306897Z ##[endgroup]
2026-08-24T07:08:28.9308433Z ##[group]Operating System
2026-08-24T07:08:28.9309102Z Ubuntu
2026-08-24T07:08:28.9309615Z 26.04
2026-08-24T07:08:28.9310171Z LTS
2026-08-24T07:08:28.9310710Z ##[endgroup]
2026-08-24T07:08:28.9311628Z ##[group]Runner Image
2026-08-24T07:08:28.9312254Z Image: ubuntu-26.04
2026-08-24T07:08:28.9312811Z Version: 20260817.108.1
2026-08-24T07:08:28.9314093Z Included Software: https://github.com/actions/runner-images/blob/ubuntu26/20260817.108/images/ubuntu/Ubuntu2604-Readme.md
2026-08-24T07:08:28.9315714Z Image Release: https://github.com/actions/runner-images/releases/tag/ubuntu26%2F20260817.108
2026-08-24T07:08:28.9316706Z ##[endgroup]
2026-08-24T07:08:28.9317901Z ##[group]GITHUB_TOKEN Permissions
2026-08-24T07:08:28.9320192Z Actions: read
2026-08-24T07:08:28.9320815Z Contents: read
2026-08-24T07:08:28.9321860Z Metadata: read
2026-08-24T07:08:28.9322423Z ##[endgroup]
2026-08-24T07:08:28.9325039Z Secret source: Actions
2026-08-24T07:08:28.9326444Z Prepare workflow directory
2026-08-24T07:08:28.9794010Z Prepare all required actions
2026-08-24T07:08:28.9844639Z Getting action download info
2026-08-24T07:08:29.3033474Z Download action repository 'actions/checkout@3d3c42e5aac5ba805825da76410c181273ba90b1' (SHA:3d3c42e5aac5ba805825da76410c181273ba90b1)
2026-08-24T07:08:29.4177350Z Download action repository 'actions/download-artifact@3e5f45b2cfb9172054b4087a40e8e0b5a5461e7c' (SHA:3e5f45b2cfb9172054b4087a40e8e0b5a5461e7c)
2026-08-24T07:08:30.1586944Z Complete job name: compare-results
2026-08-24T07:08:30.2400539Z ##[group]Run actions/checkout@3d3c42e5aac5ba805825da76410c181273ba90b1
2026-08-24T07:08:30.2402069Z with:
2026-08-24T07:08:30.2402644Z   repository: tailrocks/velnor-actions-fixture
2026-08-24T07:08:30.2407215Z   token: ***
2026-08-24T07:08:30.2407701Z   ssh-strict: true
2026-08-24T07:08:30.2408207Z   ssh-user: git
2026-08-24T07:08:30.2408708Z   persist-credentials: true
2026-08-24T07:08:30.2409260Z   clean: true
2026-08-24T07:08:30.2409771Z   sparse-checkout-cone-mode: true
2026-08-24T07:08:30.2410352Z   fetch-depth: 1
2026-08-24T07:08:30.2410988Z   fetch-tags: false
2026-08-24T07:08:30.2411511Z   show-progress: true
2026-08-24T07:08:30.2412018Z   lfs: false
2026-08-24T07:08:30.2412484Z   submodules: false
2026-08-24T07:08:30.2413002Z   set-safe-directory: true
2026-08-24T07:08:30.2413573Z   allow-unsafe-pr-checkout: false
2026-08-24T07:08:30.2414547Z ##[endgroup]
2026-08-24T07:08:30.3452254Z Syncing repository: tailrocks/velnor-actions-fixture
2026-08-24T07:08:30.3455281Z ##[group]Getting Git version info
2026-08-24T07:08:30.3456902Z Working directory is '/home/runner/work/velnor-actions-fixture/velnor-actions-fixture'
2026-08-24T07:08:30.3459185Z [command]/usr/bin/git version
2026-08-24T07:08:30.3460125Z git version 2.53.0
2026-08-24T07:08:30.3477307Z ##[endgroup]
2026-08-24T07:08:30.3484952Z Temporarily overriding HOME='/home/runner/work/_temp/f5add859-a947-4355-a2d1-b104fd984189' before making global git config changes
2026-08-24T07:08:30.3487823Z Adding repository directory to the temporary git global config as a safe directory
2026-08-24T07:08:30.3490700Z [command]/usr/bin/git config --global --add safe.directory /home/runner/work/velnor-actions-fixture/velnor-actions-fixture
2026-08-24T07:08:30.3564490Z Deleting the contents of '/home/runner/work/velnor-actions-fixture/velnor-actions-fixture'
2026-08-24T07:08:30.3567257Z ##[group]Determining repository object format
2026-08-24T07:08:30.3569325Z ##[endgroup]
2026-08-24T07:08:30.3571351Z ##[group]Initializing the repository
2026-08-24T07:08:30.3574142Z [command]/usr/bin/git init /home/runner/work/velnor-actions-fixture/velnor-actions-fixture
2026-08-24T07:08:30.3700552Z hint: Using 'master' as the name for the initial branch. This default branch name
2026-08-24T07:08:30.3703129Z hint: will change to "main" in Git 3.0. To configure the initial branch name
2026-08-24T07:08:30.3704916Z hint: to use in all of your new repositories, which will suppress this warning,
2026-08-24T07:08:30.3706333Z hint: call:
2026-08-24T07:08:30.3707107Z hint:
2026-08-24T07:08:30.3708101Z hint: 	git config --global init.defaultBranch <name>
2026-08-24T07:08:30.3709259Z hint:
2026-08-24T07:08:30.3710350Z hint: Names commonly chosen instead of 'master' are 'main', 'trunk' and
2026-08-24T07:08:30.3712320Z hint: 'development'. The just-created branch can be renamed via this command:
2026-08-24T07:08:30.3713846Z hint:
2026-08-24T07:08:30.3714794Z hint: 	git branch -m <name>
2026-08-24T07:08:30.3715784Z hint:
2026-08-24T07:08:30.3717113Z hint: Disable this message with "git config set advice.defaultBranchName false"
2026-08-24T07:08:30.3719511Z Initialized empty Git repository in /home/runner/work/velnor-actions-fixture/velnor-actions-fixture/.git/
2026-08-24T07:08:30.3723906Z [command]/usr/bin/git remote add origin https://github.com/tailrocks/velnor-actions-fixture
2026-08-24T07:08:30.3773085Z ##[endgroup]
2026-08-24T07:08:30.3774664Z ##[group]Disabling automatic garbage collection
2026-08-24T07:08:30.3777665Z [command]/usr/bin/git config --local gc.auto 0
2026-08-24T07:08:30.3813111Z ##[endgroup]
2026-08-24T07:08:30.3814659Z ##[group]Setting up auth
2026-08-24T07:08:30.3815770Z Removing SSH command configuration
2026-08-24T07:08:30.3820368Z [command]/usr/bin/git config --local --name-only --get-regexp core\.sshCommand
2026-08-24T07:08:30.3859330Z [command]/usr/bin/git submodule foreach --recursive sh -c "git config --local --name-only --get-regexp 'core\.sshCommand' && git config --local --unset-all 'core.sshCommand' || :"
2026-08-24T07:08:30.4276754Z Removing HTTP extra header
2026-08-24T07:08:30.4292094Z [command]/usr/bin/git config --local --name-only --get-regexp http\.https\:\/\/github\.com\/\.extraheader
2026-08-24T07:08:30.4319187Z [command]/usr/bin/git submodule foreach --recursive sh -c "git config --local --name-only --get-regexp 'http\.https\:\/\/github\.com\/\.extraheader' && git config --local --unset-all 'http.https://github.com/.extraheader' || :"
2026-08-24T07:08:30.4594072Z Removing includeIf entries pointing to credentials config files
2026-08-24T07:08:30.4597769Z [command]/usr/bin/git config --local --name-only --get-regexp ^includeIf\.gitdir:
2026-08-24T07:08:30.4630630Z [command]/usr/bin/git submodule foreach --recursive git config --local --show-origin --name-only --get-regexp remote.origin.url
2026-08-24T07:08:30.4904327Z [command]/usr/bin/git config --file /home/runner/work/_temp/git-credentials-2637bbba-9466-4bb5-b8e0-151374cc8747.config http.https://github.com/.extraheader AUTHORIZATION: basic ***
2026-08-24T07:08:30.4942808Z [command]/usr/bin/git config --local includeIf.gitdir:/home/runner/work/velnor-actions-fixture/velnor-actions-fixture/.git.path /home/runner/work/_temp/git-credentials-2637bbba-9466-4bb5-b8e0-151374cc8747.config
2026-08-24T07:08:30.4973618Z [command]/usr/bin/git config --local includeIf.gitdir:/home/runner/work/velnor-actions-fixture/velnor-actions-fixture/.git/worktrees/*.path /home/runner/work/_temp/git-credentials-2637bbba-9466-4bb5-b8e0-151374cc8747.config
2026-08-24T07:08:30.5009521Z [command]/usr/bin/git config --local includeIf.gitdir:/github/workspace/.git.path /github/runner_temp/git-credentials-2637bbba-9466-4bb5-b8e0-151374cc8747.config
2026-08-24T07:08:30.5041841Z [command]/usr/bin/git config --local includeIf.gitdir:/github/workspace/.git/worktrees/*.path /github/runner_temp/git-credentials-2637bbba-9466-4bb5-b8e0-151374cc8747.config
2026-08-24T07:08:30.5073502Z ##[endgroup]
2026-08-24T07:08:30.5074398Z ##[group]Fetching the repository
2026-08-24T07:08:30.5080480Z [command]/usr/bin/git -c protocol.version=2 fetch --no-tags --prune --no-recurse-submodules --depth=1 origin +46f71d3f81a731b2c4fb7b2bb0e90f73a6f062d3:refs/remotes/origin/plan-063-fixture-control-plane
2026-08-24T07:08:31.0272672Z From https://github.com/tailrocks/velnor-actions-fixture
2026-08-24T07:08:31.0275357Z  * [new ref]         46f71d3f81a731b2c4fb7b2bb0e90f73a6f062d3 -> origin/plan-063-fixture-control-plane
2026-08-24T07:08:31.0332526Z [command]/usr/bin/git branch --list --remote origin/plan-063-fixture-control-plane
2026-08-24T07:08:31.0367944Z   origin/plan-063-fixture-control-plane
2026-08-24T07:08:31.0377089Z [command]/usr/bin/git rev-parse refs/remotes/origin/plan-063-fixture-control-plane
2026-08-24T07:08:31.0402915Z 46f71d3f81a731b2c4fb7b2bb0e90f73a6f062d3
2026-08-24T07:08:31.0408335Z ##[endgroup]
2026-08-24T07:08:31.0409737Z ##[group]Determining the checkout info
2026-08-24T07:08:31.0412166Z ##[endgroup]
2026-08-24T07:08:31.0413679Z [command]/usr/bin/git sparse-checkout disable
2026-08-24T07:08:31.0466118Z [command]/usr/bin/git config --local --unset-all extensions.worktreeConfig
2026-08-24T07:08:31.0498213Z ##[group]Checking out the ref
2026-08-24T07:08:31.0502970Z [command]/usr/bin/git checkout --progress --force -B plan-063-fixture-control-plane refs/remotes/origin/plan-063-fixture-control-plane
2026-08-24T07:08:31.0605382Z Switched to a new branch 'plan-063-fixture-control-plane'
2026-08-24T07:08:31.0609432Z branch 'plan-063-fixture-control-plane' set up to track 'origin/plan-063-fixture-control-plane'.
2026-08-24T07:08:31.0616139Z ##[endgroup]
2026-08-24T07:08:31.0664021Z [command]/usr/bin/git log -1 --format=%H
2026-08-24T07:08:31.0693110Z 46f71d3f81a731b2c4fb7b2bb0e90f73a6f062d3
2026-08-24T07:08:31.1037462Z ##[group]Run actions/download-artifact@3e5f45b2cfb9172054b4087a40e8e0b5a5461e7c
2026-08-24T07:08:31.1039378Z with:
2026-08-24T07:08:31.1040272Z   path: artifacts
2026-08-24T07:08:31.1041499Z   merge-multiple: false
2026-08-24T07:08:31.1042719Z   repository: tailrocks/velnor-actions-fixture
2026-08-24T07:08:31.1044090Z   run-id: 32700101089
2026-08-24T07:08:31.1045149Z   skip-decompress: false
2026-08-24T07:08:31.1046274Z   digest-mismatch: error
2026-08-24T07:08:31.1047384Z ##[endgroup]
2026-08-24T07:08:31.4846034Z Found 5 artifact(s)
2026-08-24T07:08:31.4849854Z No input name, artifact-ids or pattern filtered specified, downloading all artifacts
2026-08-24T07:08:31.4854115Z An extra directory with the artifact name will be created for each download
2026-08-24T07:08:31.4856937Z Preparing to download the following artifacts:
2026-08-24T07:08:31.4858591Z - job-log (ID: 9510215497, Size: 5247, Expected Digest: )
2026-08-24T07:08:31.4860582Z - result-Velnor-app-b (ID: 9510207115, Size: 197, Expected Digest: )
2026-08-24T07:08:31.4862936Z - result-Velnor-app-a (ID: 9510202677, Size: 197, Expected Digest: )
2026-08-24T07:08:31.4867776Z - result-GitHub-app-b (ID: 9510200208, Size: 211, Expected Digest: sha256:b2631743ec8b12db8e6befe6c6c1126993dac2f1b67e6d9c5d97a6ca9578efa1)
2026-08-24T07:08:31.4874479Z - result-GitHub-app-a (ID: 9510200003, Size: 212, Expected Digest: sha256:52a714fcf7adc9d64913b0887f130308df9ca4ccea5b211e350f8f9b0a7eca80)
2026-08-24T07:08:31.9157494Z Redirecting to blob download url: https://productionresultssa0.blob.core.windows.net/actions-results/71a58911-a113-4a96-b00e-e613d2e2fe1c/workflow-job-run-c0f467b2-3fd9-5d5c-bc1b-742d39318078/artifacts/121ecf3fef27c041f778ff30bba7d56eaa1d204a8528eddd2dafa9237673e887.zip
2026-08-24T07:08:31.9165796Z Starting download of artifact to: /home/runner/work/velnor-actions-fixture/velnor-actions-fixture/artifacts/result-Velnor-app-a
2026-08-24T07:08:31.9293413Z Redirecting to blob download url: https://productionresultssa0.blob.core.windows.net/actions-results/71a58911-a113-4a96-b00e-e613d2e2fe1c/workflow-job-run-709fb6c9-9f08-5f9b-a798-122dcdea0c75/artifacts/b631e046f3961e8b04009068552ad48d605a0d4ee9e8da00e97075f94f89038d.zip
2026-08-24T07:08:31.9304793Z Starting download of artifact to: /home/runner/work/velnor-actions-fixture/velnor-actions-fixture/artifacts/result-GitHub-app-b
2026-08-24T07:08:31.9338800Z Redirecting to blob download url: https://productionresultssa0.blob.core.windows.net/actions-results/71a58911-a113-4a96-b00e-e613d2e2fe1c/workflow-job-run-1ab10e5f-f4e9-56a7-8b2e-5c9146ae4b56/artifacts/e6480f57f6d88ed4051fab97dce69dae7764f749d61ae3f942307ea936ce59f2.zip
2026-08-24T07:08:31.9345682Z Starting download of artifact to: /home/runner/work/velnor-actions-fixture/velnor-actions-fixture/artifacts/result-Velnor-app-b
2026-08-24T07:08:31.9358871Z Redirecting to blob download url: https://productionresultssa0.blob.core.windows.net/actions-results/71a58911-a113-4a96-b00e-e613d2e2fe1c/workflow-job-run-1ab10e5f-f4e9-56a7-8b2e-5c9146ae4b56/artifacts/0558ed2b76ac297a6e2456ce937a140ca3bcba366643b616bf10a1cb0cf97e1a.zip
2026-08-24T07:08:31.9365257Z Starting download of artifact to: /home/runner/work/velnor-actions-fixture/velnor-actions-fixture/artifacts/job-log
2026-08-24T07:08:31.9916576Z Redirecting to blob download url: https://productionresultssa0.blob.core.windows.net/actions-results/71a58911-a113-4a96-b00e-e613d2e2fe1c/workflow-job-run-854a0367-4400-562f-8aef-a688125e2669/artifacts/be8bd5801874611f9696a857c5db0ba385ef8f9be4e85bd25dc260b61d665790.zip
2026-08-24T07:08:31.9923303Z Starting download of artifact to: /home/runner/work/velnor-actions-fixture/velnor-actions-fixture/artifacts/result-GitHub-app-a
2026-08-24T07:08:32.1505793Z (node:2458) [DEP0005] DeprecationWarning: Buffer() is deprecated due to security and usability issues. Please use the Buffer.alloc(), Buffer.allocUnsafe(), or Buffer.from() methods instead.
2026-08-24T07:08:32.1510626Z (Use `node --trace-deprecation ...` to show where the warning was created)
2026-08-24T07:08:32.1628377Z SHA256 digest of downloaded artifact is f94fe33362da0f963b2bb22ed8ae917687040b1f4eec49c4cded5f0814933391
2026-08-24T07:08:32.1632378Z Artifact download completed successfully.
2026-08-24T07:08:32.1635860Z SHA256 digest of downloaded artifact is b2631743ec8b12db8e6befe6c6c1126993dac2f1b67e6d9c5d97a6ca9578efa1
2026-08-24T07:08:32.1638278Z Artifact download completed successfully.
2026-08-24T07:08:32.1640662Z SHA256 digest of downloaded artifact is e3c9c202ae1dbcb29d21cc4c6b4c74b298eefe375511eb33630c2ce4a26d3704
2026-08-24T07:08:32.1643390Z Artifact download completed successfully.
2026-08-24T07:08:32.1646294Z SHA256 digest of downloaded artifact is eb906b770e2a6275908e2651ce735a16caa1747b6f92c3c562d1ca8aa55f3a7c
2026-08-24T07:08:32.1648661Z Artifact download completed successfully.
2026-08-24T07:08:32.2016930Z SHA256 digest of downloaded artifact is 52a714fcf7adc9d64913b0887f130308df9ca4ccea5b211e350f8f9b0a7eca80
2026-08-24T07:08:32.2020493Z Artifact download completed successfully.
2026-08-24T07:08:32.2023026Z Total of 5 artifact(s) downloaded
2026-08-24T07:08:32.2025698Z Download artifact has finished successfully
2026-08-24T07:08:32.2241769Z ##[group]Run python3 .github/scripts/compare-results.py artifacts
2026-08-24T07:08:32.2243949Z python3 .github/scripts/compare-results.py artifacts
2026-08-24T07:08:32.2313950Z shell: /usr/bin/bash --noprofile --norc -e -o pipefail {0}
2026-08-24T07:08:32.2315550Z ##[endgroup]
2026-08-24T07:08:32.2623559Z skipped (single-lane run): app-a (missing: github, velnor), app-b (missing: github, velnor)
2026-08-24T07:08:32.2852791Z Prepare all required actions
2026-08-24T07:08:32.2969591Z ##[group]Run ./.github/actions/aggregate-needs
2026-08-24T07:08:32.2971116Z with:
2026-08-24T07:08:32.2972063Z   expected: success
2026-08-24T07:08:32.2973066Z   actual: success
2026-08-24T07:08:32.2974054Z ##[endgroup]
2026-08-24T07:08:32.3072744Z ##[start-action display=Run set -euo pipefail;id=__self.__run]
2026-08-24T07:08:32.3124836Z ##[group]Run set -euo pipefail
2026-08-24T07:08:32.3126087Z set -euo pipefail
2026-08-24T07:08:32.3127192Z 
2026-08-24T07:08:32.3128109Z needs_json=''
2026-08-24T07:08:32.3129160Z 
2026-08-24T07:08:32.3130346Z if [[ -n "$needs_json" && "$needs_json" != "null" ]]; then
2026-08-24T07:08:32.3131991Z   label=""
2026-08-24T07:08:32.3133036Z   failed="$(python3 -c "
2026-08-24T07:08:32.3134431Z import json, sys
2026-08-24T07:08:32.3135630Z needs = json.loads('''${needs_json}''')
2026-08-24T07:08:32.3137575Z failed = [k for k, v in needs.items() if v.get('result') not in ('success','skipped')]
2026-08-24T07:08:32.3139441Z print(' '.join(failed))
2026-08-24T07:08:32.3140728Z " 2>/dev/null || echo 'parse-error')"
2026-08-24T07:08:32.3142279Z   if [[ -n "$failed" ]]; then
2026-08-24T07:08:32.3143819Z     echo "::error::${label} aggregate-needs failed: $failed"
2026-08-24T07:08:32.3145312Z     exit 1
2026-08-24T07:08:32.3146302Z   fi
2026-08-24T07:08:32.3147725Z   echo "aggregate-needs: ${label} all passed" >> "${GITHUB_STEP_SUMMARY}"
2026-08-24T07:08:32.3149408Z else
2026-08-24T07:08:32.3150404Z   test "success" = "success"
2026-08-24T07:08:32.3152126Z   echo "aggregate-needs: success" >> "${GITHUB_STEP_SUMMARY}"
2026-08-24T07:08:32.3153698Z fi
2026-08-24T07:08:32.3200094Z shell: /usr/bin/bash --noprofile --norc -e -o pipefail {0}
2026-08-24T07:08:32.3201903Z ##[endgroup]
2026-08-24T07:08:32.3322320Z ##[end-action id=__self.__run;outcome=success;conclusion=success;duration_ms=24]
2026-08-24T07:08:32.3582427Z Post job cleanup.
2026-08-24T07:08:32.4489332Z [command]/usr/bin/git version
2026-08-24T07:08:32.4537403Z git version 2.53.0
2026-08-24T07:08:32.4578183Z Temporarily overriding HOME='/home/runner/work/_temp/58da737d-091c-4e94-ad23-2ffea2863ddf' before making global git config changes
2026-08-24T07:08:32.4583750Z Adding repository directory to the temporary git global config as a safe directory
2026-08-24T07:08:32.4592863Z [command]/usr/bin/git config --global --add safe.directory /home/runner/work/velnor-actions-fixture/velnor-actions-fixture
2026-08-24T07:08:32.4628223Z Removing SSH command configuration
2026-08-24T07:08:32.4633381Z [command]/usr/bin/git config --local --name-only --get-regexp core\.sshCommand
2026-08-24T07:08:32.4678676Z [command]/usr/bin/git submodule foreach --recursive sh -c "git config --local --name-only --get-regexp 'core\.sshCommand' && git config --local --unset-all 'core.sshCommand' || :"
2026-08-24T07:08:32.4999818Z Removing HTTP extra header
2026-08-24T07:08:32.5006531Z [command]/usr/bin/git config --local --name-only --get-regexp http\.https\:\/\/github\.com\/\.extraheader
2026-08-24T07:08:32.5050556Z [command]/usr/bin/git submodule foreach --recursive sh -c "git config --local --name-only --get-regexp 'http\.https\:\/\/github\.com\/\.extraheader' && git config --local --unset-all 'http.https://github.com/.extraheader' || :"
2026-08-24T07:08:32.5354965Z Removing includeIf entries pointing to credentials config files
2026-08-24T07:08:32.5361390Z [command]/usr/bin/git config --local --name-only --get-regexp ^includeIf\.gitdir:
2026-08-24T07:08:32.5391666Z includeif.gitdir:/home/runner/work/velnor-actions-fixture/velnor-actions-fixture/.git.path
2026-08-24T07:08:32.5396971Z includeif.gitdir:/home/runner/work/velnor-actions-fixture/velnor-actions-fixture/.git/worktrees/*.path
2026-08-24T07:08:32.5401662Z includeif.gitdir:/github/workspace/.git.path
2026-08-24T07:08:32.5404905Z includeif.gitdir:/github/workspace/.git/worktrees/*.path
2026-08-24T07:08:32.5413603Z [command]/usr/bin/git config --local --get-all includeif.gitdir:/home/runner/work/velnor-actions-fixture/velnor-actions-fixture/.git.path
2026-08-24T07:08:32.5427654Z /home/runner/work/_temp/git-credentials-2637bbba-9466-4bb5-b8e0-151374cc8747.config
2026-08-24T07:08:32.5441321Z [command]/usr/bin/git config --local --unset includeif.gitdir:/home/runner/work/velnor-actions-fixture/velnor-actions-fixture/.git.path \/home\/runner\/work\/_temp\/git\-credentials\-2637bbba\-9466\-4bb5\-b8e0\-151374cc8747\.config
2026-08-24T07:08:32.5480178Z [command]/usr/bin/git config --local --get-all includeif.gitdir:/home/runner/work/velnor-actions-fixture/velnor-actions-fixture/.git/worktrees/*.path
2026-08-24T07:08:32.5504222Z /home/runner/work/_temp/git-credentials-2637bbba-9466-4bb5-b8e0-151374cc8747.config
2026-08-24T07:08:32.5514562Z [command]/usr/bin/git config --local --unset includeif.gitdir:/home/runner/work/velnor-actions-fixture/velnor-actions-fixture/.git/worktrees/*.path \/home\/runner\/work\/_temp\/git\-credentials\-2637bbba\-9466\-4bb5\-b8e0\-151374cc8747\.config
2026-08-24T07:08:32.5554709Z [command]/usr/bin/git config --local --get-all includeif.gitdir:/github/workspace/.git.path
2026-08-24T07:08:32.5578067Z /github/runner_temp/git-credentials-2637bbba-9466-4bb5-b8e0-151374cc8747.config
2026-08-24T07:08:32.5586513Z [command]/usr/bin/git config --local --unset includeif.gitdir:/github/workspace/.git.path \/github\/runner_temp\/git\-credentials\-2637bbba\-9466\-4bb5\-b8e0\-151374cc8747\.config
2026-08-24T07:08:32.5618613Z [command]/usr/bin/git config --local --get-all includeif.gitdir:/github/workspace/.git/worktrees/*.path
2026-08-24T07:08:32.5642102Z /github/runner_temp/git-credentials-2637bbba-9466-4bb5-b8e0-151374cc8747.config
2026-08-24T07:08:32.5651328Z [command]/usr/bin/git config --local --unset includeif.gitdir:/github/workspace/.git/worktrees/*.path \/github\/runner_temp\/git\-credentials\-2637bbba\-9466\-4bb5\-b8e0\-151374cc8747\.config
2026-08-24T07:08:32.5687548Z [command]/usr/bin/git submodule foreach --recursive git config --local --show-origin --name-only --get-regexp remote.origin.url
2026-08-24T07:08:32.5952998Z Removing credentials config '/home/runner/work/_temp/git-credentials-2637bbba-9466-4bb5-b8e0-151374cc8747.config'
2026-08-24T07:08:32.6119165Z Cleaning up orphan processes
